###############################################################################
#
# IAR ELF Linker V8.11.3.13950/W32 for ARM                10/May/2019  10:14:38
# Copyright 2007-2017 IAR Systems AB.
#
#    Output file  =  
#        C:\ti\simplelink_cc2640r2_sdk_1_40_00_45\examples\rtos\CC2640R2_LAUNCHXL\ble5stack\1.1_simple_peripheral\tirtos\iar\app\FlashROM_StackLibrary\Exe\ble5_simple_peripheral_cc2640r2lp_app_FlashROM_StackLibrary.out
#    Map file     =  
#        C:\ti\simplelink_cc2640r2_sdk_1_40_00_45\examples\rtos\CC2640R2_LAUNCHXL\ble5stack\1.1_simple_peripheral\tirtos\iar\app\FlashROM_StackLibrary\List\ble5_simple_peripheral_cc2640r2lp_app_FlashROM_StackLibrary.map
#    Command line =  
#        -f C:\Users\ADMINI~1\AppData\Local\Temp\EWA6D0.tmp
#        (C:\ti\simplelink_cc2640r2_sdk_1_40_00_45\examples\rtos\CC2640R2_LAUNCHXL\ble5stack\1.1_simple_peripheral\tirtos\iar\app\FlashROM_StackLibrary\Obj\ble_user_config.o
#        C:\ti\simplelink_cc2640r2_sdk_1_40_00_45\examples\rtos\CC2640R2_LAUNCHXL\ble5stack\1.1_simple_peripheral\tirtos\iar\app\FlashROM_StackLibrary\Obj\board.o
#        C:\ti\simplelink_cc2640r2_sdk_1_40_00_45\examples\rtos\CC2640R2_LAUNCHXL\ble5stack\1.1_simple_peripheral\tirtos\iar\stack\FlashROM_Library\Exe\cc2640r2lp_stack_FlashROM_Library.a
#        C:\ti\simplelink_cc2640r2_sdk_1_40_00_45\examples\rtos\CC2640R2_LAUNCHXL\ble5stack\1.1_simple_peripheral\tirtos\iar\app\FlashROM_StackLibrary\Obj\ccfg_app_ble.o
#        C:\ti\simplelink_cc2640r2_sdk_1_40_00_45\examples\rtos\CC2640R2_LAUNCHXL\ble5stack\1.1_simple_peripheral\tirtos\iar\app\FlashROM_StackLibrary\Obj\devinfoservice.o
#        C:\ti\simplelink_cc2640r2_sdk_1_40_00_45\examples\rtos\CC2640R2_LAUNCHXL\ble5stack\1.1_simple_peripheral\tirtos\iar\app\FlashROM_StackLibrary\Obj\ECCROMCC26XX.o
#        C:\ti\simplelink_cc2640r2_sdk_1_40_00_45\examples\rtos\CC2640R2_LAUNCHXL\ble5stack\1.1_simple_peripheral\tirtos\iar\app\FlashROM_StackLibrary\Obj\gatt_uuid.o
#        C:\ti\simplelink_cc2640r2_sdk_1_40_00_45\examples\rtos\CC2640R2_LAUNCHXL\ble5stack\1.1_simple_peripheral\tirtos\iar\app\FlashROM_StackLibrary\Obj\gattservapp_util.o
#        C:\ti\simplelink_cc2640r2_sdk_1_40_00_45\examples\rtos\CC2640R2_LAUNCHXL\ble5stack\1.1_simple_peripheral\tirtos\iar\app\FlashROM_StackLibrary\Obj\hw_gpio.o
#        C:\ti\simplelink_cc2640r2_sdk_1_40_00_45\examples\rtos\CC2640R2_LAUNCHXL\ble5stack\1.1_simple_peripheral\tirtos\iar\app\FlashROM_StackLibrary\Obj\icall.o
#        C:\ti\simplelink_cc2640r2_sdk_1_40_00_45\examples\rtos\CC2640R2_LAUNCHXL\ble5stack\1.1_simple_peripheral\tirtos\iar\app\FlashROM_StackLibrary\Obj\icall_api_lite.o
#        C:\ti\simplelink_cc2640r2_sdk_1_40_00_45\examples\rtos\CC2640R2_LAUNCHXL\ble5stack\1.1_simple_peripheral\tirtos\iar\app\FlashROM_StackLibrary\Obj\icall_cc2650.o
#        C:\ti\simplelink_cc2640r2_sdk_1_40_00_45\examples\rtos\CC2640R2_LAUNCHXL\ble5stack\1.1_simple_peripheral\tirtos\iar\app\FlashROM_StackLibrary\Obj\icall_user_config.o
#        C:\ti\simplelink_cc2640r2_sdk_1_40_00_45\examples\rtos\CC2640R2_LAUNCHXL\ble5stack\1.1_simple_peripheral\tirtos\iar\app\FlashROM_StackLibrary\Obj\iotboard_key.o
#        C:\ti\simplelink_cc2640r2_sdk_1_40_00_45\examples\rtos\CC2640R2_LAUNCHXL\ble5stack\common\display\lcd_epd_lib_r2.a
#        C:\ti\simplelink_cc2640r2_sdk_1_40_00_45\examples\rtos\CC2640R2_LAUNCHXL\ble5stack\common\display\lcd_tft_lib_r2.a
#        C:\ti\simplelink_cc2640r2_sdk_1_40_00_45\examples\rtos\CC2640R2_LAUNCHXL\ble5stack\1.1_simple_peripheral\tirtos\iar\app\FlashROM_StackLibrary\Obj\main.o
#        C:\ti\simplelink_cc2640r2_sdk_1_40_00_45\examples\rtos\CC2640R2_LAUNCHXL\ble5stack\1.1_simple_peripheral\tirtos\iar\app\FlashROM_StackLibrary\Obj\peripheral.o
#        C:\ti\simplelink_cc2640r2_sdk_1_40_00_45\examples\rtos\CC2640R2_LAUNCHXL\ble5stack\1.1_simple_peripheral\tirtos\iar\app\FlashROM_StackLibrary\Obj\simple_gatt_profile.o
#        C:\ti\simplelink_cc2640r2_sdk_1_40_00_45\examples\rtos\CC2640R2_LAUNCHXL\ble5stack\1.1_simple_peripheral\tirtos\iar\app\FlashROM_StackLibrary\Obj\simple_peripheral.o
#        C:\ti\simplelink_cc2640r2_sdk_1_40_00_45\examples\rtos\CC2640R2_LAUNCHXL\ble5stack\1.1_simple_peripheral\tirtos\iar\app\FlashROM_StackLibrary\Obj\simple_peripheral_menu.o
#        C:\ti\simplelink_cc2640r2_sdk_1_40_00_45\examples\rtos\CC2640R2_LAUNCHXL\ble5stack\1.1_simple_peripheral\tirtos\iar\app\FlashROM_StackLibrary\Obj\TRNGCC26XX.o
#        C:\ti\simplelink_cc2640r2_sdk_1_40_00_45\examples\rtos\CC2640R2_LAUNCHXL\ble5stack\1.1_simple_peripheral\tirtos\iar\app\FlashROM_StackLibrary\Obj\two_btn_menu.o
#        C:\ti\simplelink_cc2640r2_sdk_1_40_00_45\examples\rtos\CC2640R2_LAUNCHXL\ble5stack\1.1_simple_peripheral\tirtos\iar\app\FlashROM_StackLibrary\Obj\util.o
#        -o
#        C:\ti\simplelink_cc2640r2_sdk_1_40_00_45\examples\rtos\CC2640R2_LAUNCHXL\ble5stack\1.1_simple_peripheral\tirtos\iar\app\FlashROM_StackLibrary\Exe\ble5_simple_peripheral_cc2640r2lp_app_FlashROM_StackLibrary.out
#        --config_def CC2650=2 --config_def FLASH_ROM_BUILD=2 --map
#        C:\ti\simplelink_cc2640r2_sdk_1_40_00_45\examples\rtos\CC2640R2_LAUNCHXL\ble5stack\1.1_simple_peripheral\tirtos\iar\app\FlashROM_StackLibrary\List\ble5_simple_peripheral_cc2640r2lp_app_FlashROM_StackLibrary.map
#        --config
#        C:\ti\simplelink_cc2640r2_sdk_1_40_00_45\examples\rtos\CC2640R2_LAUNCHXL\ble5stack\1.1_simple_peripheral\tirtos\iar\app\..\..\..\..\..\..\..\..\source\ti\ble5stack\common\cc26xx\iar\cc26xx_app_and_stack.icf
#        --keep __vector_table -f
#        C:\ti\simplelink_cc2640r2_sdk_1_40_00_45\examples\rtos\CC2640R2_LAUNCHXL\ble5stack\1.1_simple_peripheral\tirtos\iar\app\..\config\configPkg\linker.cmd
#        (C:\ti\simplelink_cc2640r2_sdk_1_40_00_45\examples\rtos\CC2640R2_LAUNCHXL\ble5stack\1.1_simple_peripheral\tirtos\iar\config\configPkg\package\cfg\app_ble_prm3.orm3
#        C:\ti\simplelink_cc2640r2_sdk_1_40_00_45\examples\rtos\CC2640R2_LAUNCHXL\ble5stack\1.1_simple_peripheral\tirtos\iar\config\src\sysbios\rom_sysbios.arm3
#        C:\ti\simplelink_cc2640r2_sdk_1_40_00_45\kernel\tirtos\packages\iar\targets\arm\rts\lib\release\boot.arm3
#        --entry __iar_program_start --keep __vector_table --define_symbol
#        ti_sysbios_family_arm_m3_Hwi_nvic=0xe000e000 --keep
#        xdc_runtime_Error_policy__C --keep
#        xdc_runtime_IModule_Interface__BASE__C --keep
#        xdc_runtime_Startup_lastFxns__C --keep
#        ti_sysbios_knl_Event_Object__DESC__C --keep
#        ti_sysbios_gates_GateMutex_Object__DESC__C --keep
#        ti_sysbios_rom_ROM_ti_sysbios_family_arm_cc26xx_Timer_initDevice__I
#        --keep xdc_runtime_Startup_execImpl__C --keep
#        ti_sysbios_rom_ROM_ti_sysbios_family_arm_cc26xx_Timer_getMaxTicks__E
#        --keep ti_sysbios_knl_Swi_Object__count__C --keep
#        ti_sysbios_knl_Idle_funcList__C --keep xdc_runtime_Text_isLoaded__C
#        --keep ti_sysbios_knl_Clock_Object__DESC__C --keep
#        ti_sysbios_knl_Semaphore_eventSync__C --keep
#        ti_sysbios_gates_GateMutex_Module__FXNS__C --keep
#        ti_sysbios_family_arm_m3_Hwi_Module__id__C --keep
#        ti_sysbios_family_arm_cc26xx_Timer_Module__id__C --keep
#        ti_sysbios_knl_Mailbox_Object__table__C --keep
#        ti_sysbios_family_arm_m3_Hwi_Object__table__C --keep
#        ti_sysbios_knl_Swi_Object__DESC__C --keep xdc_runtime_Text_charCnt__C
#        --keep xdc_runtime_Error_raiseHook__C --keep
#        ti_sysbios_rom_ROM_ti_sysbios_family_arm_cc26xx_Timer_start__E --keep
#        ti_sysbios_heaps_HeapMem_Object__table__C --keep
#        xdc_runtime_Error_policyFxn__C --keep
#        ti_sysbios_rom_ROM_ti_sysbios_family_arm_cc26xx_Timer_getCount64__E
#        --keep xdc_runtime_Startup_firstFxns__C --keep
#        xdc_runtime_Text_charTab__C --keep
#        ti_sysbios_rom_ROM_ti_sysbios_family_arm_cc26xx_TimestampProvider_get32__E
#        --keep xdc_runtime_Error_maxDepth__C --keep
#        ti_sysbios_rom_ROM_ti_sysbios_family_arm_cc26xx_Timer_getCurrentTick__E
#        --keep ti_sysbios_family_arm_m3_TaskSupport_stackAlignment__C --keep
#        ti_sysbios_family_arm_m3_Hwi_NUM_INTERRUPTS__C --keep
#        ti_sysbios_knl_Clock_triggerClock__C --keep
#        ti_sysbios_knl_Swi_Object__table__C --keep
#        xdc_runtime_Memory_Module__id__C --keep
#        ti_sysbios_heaps_HeapMem_Module__gateObj__C --keep
#        ti_sysbios_family_arm_cc26xx_Timer_startupNeeded__C --keep
#        ti_sysbios_knl_Queue_Object__DESC__C --keep
#        ti_sysbios_knl_Task_Object__DESC__C --keep
#        xdc_runtime_Assert_E_assertFailed__C --keep
#        ti_sysbios_gates_GateHwi_Module__id__C --keep
#        xdc_runtime_IHeap_Interface__BASE__C --keep
#        xdc_runtime_SysCallback_exitFxn__C --keep
#        ti_sysbios_heaps_HeapMem_Module__id__C --keep
#        ti_sysbios_family_arm_m3_Hwi_excHandlerFunc__C --keep
#        ti_sysbios_heaps_HeapMem_Module__FXNS__C --keep
#        xdc_runtime_System_maxAtexitHandlers__C --keep
#        ti_sysbios_knl_Queue_Object__count__C --keep
#        ti_sysbios_knl_Task_Object__table__C --keep
#        ti_sysbios_knl_Mailbox_Object__DESC__C --keep
#        ti_sysbios_family_arm_m3_Hwi_nullIsrFunc__C --keep
#        ti_sysbios_knl_Clock_tickMode__C --keep
#        ti_sysbios_gates_GateMutex_Module__id__C --keep
#        ti_sysbios_knl_Swi_numPriorities__C --keep
#        ti_sysbios_knl_Task_numConstructedTasks__C --keep
#        xdc_runtime_Startup_maxPasses__C --keep
#        ti_sysbios_knl_Task_initStackFlag__C --keep
#        xdc_runtime_System_abortFxn__C --keep
#        ti_sysbios_gates_GateHwi_Module__FXNS__C --keep
#        ti_sysbios_hal_Hwi_Object__DESC__C --keep
#        ti_sysbios_family_arm_m3_Hwi_priGroup__C --keep
#        xdc_runtime_Error_E_memory__C --keep
#        ti_sysbios_family_arm_m3_Hwi_E_alreadyDefined__C --keep
#        ti_sysbios_knl_Queue_Object__table__C --keep
#        ti_sysbios_knl_Semaphore_eventPost__C --keep
#        xdc_runtime_System_exitFxn__C --keep
#        ti_sysbios_rom_ROM_ti_sysbios_family_arm_cc26xx_Timer_setNextTick__E
#        --keep ti_sysbios_heaps_HeapMem_reqAlign__C --keep
#        xdc_runtime_Startup_sfxnRts__C --keep
#        ti_sysbios_knl_Semaphore_Object__DESC__C --keep
#        ti_sysbios_gates_GateHwi_Object__DESC__C --keep
#        ti_sysbios_heaps_HeapMem_Object__count__C --keep
#        ti_sysbios_family_arm_m3_Hwi_numSparseInterrupts__C --keep
#        ti_sysbios_knl_Mailbox_maxTypeAlign__C --keep
#        ti_sysbios_family_arm_cc26xx_TimestampProvider_useClockTimer__C --keep
#        ti_sysbios_rom_ROM_xdc_runtime_System_SupportProxy_exit__E --keep
#        ti_sysbios_knl_Task_allBlockedFunc__C --keep
#        ti_sysbios_rom_ROM_xdc_runtime_System_SupportProxy_abort__E --keep
#        ti_sysbios_knl_Mailbox_Object__count__C --keep
#        xdc_runtime_Text_nameStatic__C --keep
#        ti_sysbios_rom_ROM_xdc_runtime_Startup_getState__I --keep
#        ti_sysbios_knl_Task_defaultStackSize__C --keep
#        xdc_runtime_IGateProvider_Interface__BASE__C --keep
#        ti_sysbios_family_arm_m3_Hwi_E_hwiLimitExceeded__C --keep
#        xdc_runtime_Startup_startModsFxn__C --keep
#        ti_sysbios_family_arm_m3_Hwi_Object__DESC__C --keep
#        xdc_runtime_Text_nameEmpty__C --keep
#        ti_sysbios_family_arm_m3_Hwi_Object__count__C --keep
#        xdc_runtime_SysCallback_abortFxn__C --keep
#        ti_sysbios_knl_Task_defaultStackHeap__C --keep
#        ti_sysbios_family_arm_m3_Hwi_ccr__C --keep
#        ti_sysbios_heaps_HeapMem_E_memory__C --keep
#        ti_sysbios_knl_Task_Object__count__C --keep
#        ti_sysbios_heaps_HeapMem_Object__DESC__C --keep
#        xdc_runtime_Text_nameUnknown__C --keep
#        xdc_runtime_Memory_defaultHeapInstance__C --keep
#        ti_sysbios_rom_ROM_ti_sysbios_family_arm_cc26xx_Timer_setThreshold__I
#        --keep xdc_runtime_Startup_sfxnTab__C --keep
#        ti_sysbios_knl_Clock_Module__state__V --keep
#        ti_sysbios_family_arm_cc26xx_TimestampProvider_Module__state__V --keep
#        xdc_runtime_Startup_Module__state__V --keep
#        ti_sysbios_BIOS_Module__state__V --keep
#        ti_sysbios_knl_Swi_Module__state__V --keep
#        ti_sysbios_knl_Task_Module__state__V --keep
#        xdc_runtime_Memory_Module__state__V --keep
#        xdc_runtime_System_Module__state__V --keep
#        ti_sysbios_family_arm_m3_Hwi_Module__state__V --keep
#        xdc_runtime_Error_Module__state__V --keep
#        ti_sysbios_family_arm_cc26xx_Timer_Module__state__V --define_symbol
#        memcpy=0x1001cb39 --define_symbol memset=0x1001cb51 --define_symbol
#        ti_sysbios_BIOS_RtsGateProxy_query__E=0x1001c0bd --define_symbol
#        ti_sysbios_knl_Queue_get__E=0x1001bd19 --define_symbol
#        ti_sysbios_knl_Swi_enabled__E=0x1001bf21 --define_symbol
#        ti_sysbios_knl_Clock_scheduleNextTick__E=0x1001bca9 --define_symbol
#        ti_sysbios_knl_Swi_runLoop__I=0x1001adc9 --define_symbol
#        ti_sysbios_knl_Clock_getTicks__E=0x1001b29d --define_symbol
#        xdc_runtime_Memory_HeapProxy_Object__delete__S=0x1001ba59
#        --define_symbol
#        ti_sysbios_gates_GateMutex_Object__destruct__S=0x1001b9f9
#        --define_symbol ti_sysbios_knl_Queue_enqueue__E=0x1001bffd
#        --define_symbol ti_sysbios_knl_Queue_put__E=0x1001bd35 --define_symbol
#        ti_sysbios_family_arm_m3_Hwi_Object__create__S=0x1001a7b9
#        --define_symbol ti_sysbios_gates_GateHwi_Instance_init__E=0x1001b153
#        --define_symbol ti_sysbios_hal_Hwi_Instance_finalize__E=0x1001c039
#        --define_symbol ti_sysbios_BIOS_RtsGateProxy_leave__E=0x1001c095
#        --define_symbol ti_sysbios_heaps_HeapMem_Object__create__S=0x1001b599
#        --define_symbol xdc_runtime_Error_raiseX__E=0x1001c66d --define_symbol
#        ti_sysbios_hal_Hwi_getStackInfo__E=0x1001b099 --define_symbol
#        ti_sysbios_knl_Semaphore_construct=0x1001b45d --define_symbol
#        ti_sysbios_knl_Clock_Object__destruct__S=0x1001ba99 --define_symbol
#        ti_sysbios_knl_Clock_TimerProxy_getMaxTicks__E=0x1001bef1
#        --define_symbol ti_sysbios_knl_Swi_Object__destruct__S=0x1001bd51
#        --define_symbol
#        ti_sysbios_family_arm_cc26xx_TimestampProvider_getFreq__E=0x1001bf6b
#        --define_symbol ti_sysbios_gates_GateMutex_Handle__label__S=0x1001b9d9
#        --define_symbol ti_sysbios_knl_Mailbox_delete=0x1001c0f1
#        --define_symbol ti_sysbios_knl_Semaphore_destruct=0x1001c10d
#        --define_symbol ti_sysbios_BIOS_RtsGateProxy_enter__E=0x1001c091
#        --define_symbol ti_sysbios_knl_Task_processVitalTaskFlag__I=0x1001b48d
#        --define_symbol ti_sysbios_knl_Mailbox_create=0x1001a945
#        --define_symbol xdc_runtime_Core_deleteObject__I=0x1001c3b5
#        --define_symbol ti_sysbios_knl_Queue_delete=0x1001c0f9 --define_symbol
#        ti_sysbios_family_arm_m3_Hwi_doSwiRestore__I=0x1001c043
#        --define_symbol xdc_runtime_Timestamp_getFreq__E=0x1001bf6b
#        --define_symbol ti_sysbios_knl_Event_Instance_init__E=0x1001be49
#        --define_symbol xdc_runtime_System_atexit__E=0x1001c581
#        --define_symbol ti_sysbios_gates_GateMutex_Params__init__S=0x1001bfb5
#        --define_symbol ti_sysbios_knl_Clock_getTimerHandle__E=0x1001bfcd
#        --define_symbol ti_sysbios_knl_Task_enable__E=0x1001c08b
#        --define_symbol
#        ti_sysbios_knl_Clock_TimerProxy_getExpiredTicks__E=0x1001c0d1
#        --define_symbol xdc_runtime_Timestamp_SupportProxy_get64__E=0x1001b77d
#        --define_symbol ti_sysbios_knl_Queue_Object__destruct__S=0x1001bcfd
#        --define_symbol ti_sysbios_knl_Clock_Object__delete__S=0x1001b8b1
#        --define_symbol ti_sysbios_gates_GateMutex_delete=0x1001c0b5
#        --define_symbol ti_sysbios_heaps_HeapMem_restore__E=0x1001bf41
#        --define_symbol
#        ti_sysbios_BIOS_RtsGateProxy_Object__delete__S=0x1001b88d
#        --define_symbol ti_sysbios_knl_Swi_create=0x1001ac1d --define_symbol
#        ti_sysbios_heaps_HeapMem_Module_GateProxy_leave__E=0x1001c0cd
#        --define_symbol ti_sysbios_knl_Semaphore_pend__E=0x10019b05
#        --define_symbol ti_sysbios_knl_Mailbox_Instance_finalize__E=0x1001a4c5
#        --define_symbol xdc_runtime_Startup_startMods__I=0x1001c129
#        --define_symbol ti_sysbios_heaps_HeapMem_init__I=0x1001b235
#        --define_symbol ti_sysbios_knl_Swi_Object__delete__S=0x1001bbb9
#        --define_symbol
#        ti_sysbios_hal_Hwi_HwiProxy_enableInterrupt__E=0x1001af89
#        --define_symbol ti_sysbios_knl_Clock_removeI__E=0x1001c0e1
#        --define_symbol xdc_runtime_System_abort__E=0x1001c64d --define_symbol
#        ti_sysbios_family_arm_m3_Hwi_dispatchC__I=0x1001a81d --define_symbol
#        ti_sysbios_knl_Swi_construct=0x1001ad79 --define_symbol
#        ti_sysbios_knl_Task_sleepTimeout__I=0x1001bda5 --define_symbol
#        ti_sysbios_knl_Queue_remove__E=0x1001bf5d --define_symbol
#        ti_sysbios_knl_Semaphore_Instance_finalize__E=0x1001b7cd
#        --define_symbol ti_sysbios_gates_GateMutex_destruct=0x1001c0b9
#        --define_symbol
#        ti_sysbios_knl_Task_SupportProxy_Module__startupDone__S=0x1001c0ad
#        --define_symbol ti_sysbios_knl_Queue_Object__delete__S=0x1001bb59
#        --define_symbol ti_sysbios_knl_Mailbox_Object__get__S=0x1001b649
#        --define_symbol
#        ti_sysbios_family_arm_m3_Hwi_Instance_init__E=0x10019fc1
#        --define_symbol ti_sysbios_knl_Clock_delete=0x1001c0d9 --define_symbol
#        ti_sysbios_knl_Clock_walkQueueDynamic__E=0x1001a2f1 --define_symbol
#        ti_sysbios_knl_Mailbox_Object__destruct__S=0x1001bce1 --define_symbol
#        ti_sysbios_knl_Mailbox_post__E=0x1001a0ed --define_symbol
#        ti_sysbios_knl_Clock_Instance_init__E=0x1001b1c5 --define_symbol
#        ti_sysbios_knl_Event_construct=0x1001b5f1 --define_symbol
#        ti_sysbios_knl_Task_allBlockedFunction__I=0x1001b055 --define_symbol
#        ti_sysbios_knl_Task_postInit__I=0x1001a271 --define_symbol
#        ti_sysbios_knl_Task_enter__I=0x1001bd89 --define_symbol
#        ti_sysbios_hal_Hwi_switchFromBootStack__E=0x1001be35 --define_symbol
#        ti_sysbios_knl_Semaphore_Object__destruct__S=0x1001bb99
#        --define_symbol
#        ti_sysbios_hal_Hwi_HwiProxy_Object__create__S=0x1001bed1
#        --define_symbol
#        ti_sysbios_family_arm_cc26xx_Timer_postInit__I=0x1001b4bd
#        --define_symbol ti_sysbios_knl_Swi_Module_startup__E=0x1001c07f
#        --define_symbol
#        ti_sysbios_gates_GateMutex_Instance_finalize__E=0x1001bec1
#        --define_symbol ti_sysbios_hal_Hwi_startup__E=0x1001c04b
#        --define_symbol xdc_runtime_Core_assignParams__I=0x1001c4ad
#        --define_symbol
#        ti_sysbios_hal_Hwi_HwiProxy_switchFromBootStack__E=0x1001be35
#        --define_symbol
#        ti_sysbios_heaps_HeapMem_allocUnprotected__E=0x1001a615
#        --define_symbol ti_sysbios_knl_Swi_post__E=0x1001b011 --define_symbol
#        ti_sysbios_hal_Hwi_initStack=0x1001b56d --define_symbol
#        xdc_runtime_Memory_alloc__E=0x1001c349 --define_symbol
#        ti_sysbios_knl_Queue_next__E=0x1001c105 --define_symbol
#        ti_sysbios_knl_Event_destruct=0x1001c0ed --define_symbol
#        ti_sysbios_knl_Clock_Instance_finalize__E=0x1001be09 --define_symbol
#        ti_sysbios_knl_Queue_elemClear__E=0x1001c079 --define_symbol
#        ti_sysbios_knl_Clock_TimerProxy_startup__E=0x1001b4e9 --define_symbol
#        ti_sysbios_knl_Clock_Params__init__S=0x1001bfc1 --define_symbol
#        ti_sysbios_knl_Task_Instance_init__E=0x10019ce1 --define_symbol
#        ti_sysbios_hal_Hwi_HwiProxy_startup__E=0x1001c04b --define_symbol
#        ti_sysbios_knl_Task_self__E=0x1001c02d --define_symbol
#        ti_sysbios_knl_Task_startup__E=0x1001c125 --define_symbol
#        ti_sysbios_gates_GateHwi_Object__delete__S=0x1001b9b9 --define_symbol
#        ti_sysbios_family_arm_cc26xx_Timer_startup__E=0x1001b4e9
#        --define_symbol xdc_runtime_Memory_free__E=0x1001c705 --define_symbol
#        ti_sysbios_knl_Clock_triggerFunc__I=0x1001bdbf --define_symbol
#        ti_sysbios_hal_Hwi_delete=0x1001c0c5 --define_symbol
#        ti_sysbios_knl_Queue_Instance_init__E=0x1001c073 --define_symbol
#        ti_sysbios_knl_Event_delete=0x1001c0e9 --define_symbol
#        ti_sysbios_BIOS_RtsGateProxy_Handle__label__S=0x1001b9d9
#        --define_symbol
#        ti_sysbios_family_arm_cc26xx_Timer_Module_startup__E=0x1001b845
#        --define_symbol ti_sysbios_knl_Event_Object__delete__S=0x1001bad9
#        --define_symbol xdc_runtime_Assert_raise__I=0x1001c465 --define_symbol
#        ti_sysbios_hal_Hwi_create=0x1001a881 --define_symbol
#        ti_sysbios_knl_Task_destruct=0x1001c121 --define_symbol
#        ti_sysbios_hal_Hwi_Module_startup__E=0x1001be5d --define_symbol
#        ti_sysbios_family_arm_m3_Hwi_excHandler__I=0x1001b979 --define_symbol
#        xdc_runtime_Core_destructObject__I=0x1001c6a5 --define_symbol
#        ti_sysbios_knl_Swi_disable__E=0x1001bf11 --define_symbol
#        ti_sysbios_BIOS_setThreadType__E=0x1001bea1 --define_symbol
#        ti_sysbios_knl_Task_disable__E=0x1001bf31 --define_symbol
#        ti_sysbios_knl_Swi_Instance_init__E=0x1001a9a5 --define_symbol
#        ti_sysbios_knl_Semaphore_pendTimeout__I=0x1001b6f9 --define_symbol
#        ti_sysbios_knl_Clock_create=0x1001b1fd --define_symbol
#        ti_sysbios_knl_Idle_loop__E=0x1001c053 --define_symbol
#        ti_sysbios_gates_GateHwi_leave__E=0x1001c067 --define_symbol
#        ti_sysbios_family_arm_m3_Hwi_enableInterrupt__E=0x1001af89
#        --define_symbol ti_sysbios_knl_Semaphore_Params__init__S=0x1001c009
#        --define_symbol ti_sysbios_knl_Event_pend__E=0x10019bf9
#        --define_symbol ti_sysbios_knl_Task_unblock__E=0x1001bdf1
#        --define_symbol ti_sysbios_knl_Swi_destruct=0x1001c115 --define_symbol
#        ti_sysbios_knl_Event_sync__E=0x1001be6f --define_symbol
#        ti_sysbios_BIOS_getCpuFreq__E=0x1001be91 --define_symbol
#        xdc_runtime_Memory_calloc__E=0x1001c751 --define_symbol
#        ti_sysbios_family_arm_m3_Hwi_startup__E=0x1001c04b --define_symbol
#        xdc_runtime_System_Module_GateProxy_Handle__label__S=0x1001b999
#        --define_symbol xdc_runtime_SysCallback_exit__E=0x1001c725
#        --define_symbol ti_sysbios_hal_Hwi_HwiProxy_Params__init__S=0x1001bf79
#        --define_symbol ti_sysbios_knl_Queue_empty__E=0x1001bf4f
#        --define_symbol ti_sysbios_knl_Clock_logTick__E=0x1001b843
#        --define_symbol ti_sysbios_knl_Event_Params__init__S=0x1001bfd9
#        --define_symbol ti_sysbios_knl_Task_yield__E=0x1001b0d9
#        --define_symbol
#        ti_sysbios_knl_Task_SupportProxy_getStackAlignment__E=0x1001bf9d
#        --define_symbol ti_sysbios_family_arm_m3_Hwi_create=0x1001a8e5
#        --define_symbol xdc_runtime_Timestamp_SupportProxy_get32__E=0x1001c735
#        --define_symbol ti_sysbios_family_arm_m3_Hwi_destruct=0x1001c0a9
#        --define_symbol xdc_runtime_Timestamp_get32__E=0x1001c735
#        --define_symbol ti_sysbios_knl_Clock_stop__E=0x1001bab9
#        --define_symbol
#        ti_sysbios_family_arm_m3_Hwi_doTaskRestore__I=0x1001c05b
#        --define_symbol
#        ti_sysbios_BIOS_linkedWithIncorrectBootLibrary__E=0x1001a683
#        --define_symbol ti_sysbios_knl_Swi_run__I=0x1001ac75 --define_symbol
#        ti_sysbios_family_arm_cc26xx_Timer_Module__startupDone__S=0x1001b8f9
#        --define_symbol xdc_runtime_Core_createObject__I=0x1001c2c9
#        --define_symbol ti_sysbios_knl_Queue_create=0x1001b6cd --define_symbol
#        ti_sysbios_hal_Hwi_Object__delete__S=0x1001ba19 --define_symbol
#        ti_sysbios_knl_Clock_construct=0x1001b269 --define_symbol
#        xdc_runtime_System_abortSpin__E=0x1001c7a1 --define_symbol
#        ti_sysbios_family_arm_m3_Hwi_Object__destruct__S=0x1001bc39
#        --define_symbol ti_sysbios_hal_Hwi_HwiProxy_delete=0x1001c0c1
#        --define_symbol
#        ti_sysbios_gates_GateMutex_Object__create__S=0x1001b36d
#        --define_symbol
#        ti_sysbios_family_arm_m3_Hwi_getStackInfo__E=0x1001b099
#        --define_symbol
#        ti_sysbios_heaps_HeapMem_Module_GateProxy_enter__E=0x1001c0c9
#        --define_symbol ti_sysbios_knl_Semaphore_post__E=0x1001a3e1
#        --define_symbol ti_sysbios_knl_Task_exit__E=0x1001b119 --define_symbol
#        ti_sysbios_heaps_HeapMem_Instance_init__E=0x1001b18d --define_symbol
#        ti_sysbios_knl_Swi_restore__E=0x1001b305 --define_symbol
#        ti_sysbios_knl_Task_startCore__E=0x1001aa61 --define_symbol
#        ti_sysbios_knl_Semaphore_create=0x1001b2d1 --define_symbol
#        ti_sysbios_gates_GateHwi_enter__E=0x1001bfa9 --define_symbol
#        ti_sysbios_knl_Task_blockI__E=0x1001b339 --define_symbol
#        ti_sysbios_heaps_HeapMem_free__E=0x1001b3fd --define_symbol
#        ti_sysbios_knl_Task_Object__destruct__S=0x1001bd6d --define_symbol
#        ti_sysbios_hal_Hwi_enableInterrupt__E=0x1001af89 --define_symbol
#        ti_sysbios_family_arm_cc26xx_Timer_periodicStub__E=0x10019f25
#        --define_symbol ti_sysbios_hal_Hwi_Instance_init__E=0x1001b81d
#        --define_symbol ti_sysbios_gates_GateHwi_query__E=0x1001c0b1
#        --define_symbol xdc_runtime_System_processAtExit__E=0x1001c5ed
#        --define_symbol
#        ti_sysbios_family_arm_cc26xx_Timer_setPeriod__E=0x1001c0a1
#        --define_symbol ti_sysbios_knl_Semaphore_Instance_init__E=0x1001a685
#        --define_symbol
#        xdc_runtime_System_Module_GateProxy_Object__delete__S=0x1001b9b9
#        --define_symbol
#        xdc_runtime_Memory_HeapProxy_Handle__label__S=0x1001ba39
#        --define_symbol ti_sysbios_knl_Queue_head__E=0x1001c101
#        --define_symbol
#        xdc_runtime_Timestamp_SupportProxy_getFreq__E=0x1001bf6b
#        --define_symbol xdc_runtime_Error_check__E=0x1001c6bd --define_symbol
#        xdc_runtime_Error_policySpin__E=0x1001c413 --define_symbol
#        ti_sysbios_gates_GateMutex_create=0x1001b39d --define_symbol
#        xdc_runtime_Gate_leaveSystem__E=0x1001c789 --define_symbol
#        ti_sysbios_knl_Swi_restoreHwi__E=0x1001a6ed --define_symbol
#        ti_sysbios_knl_Task_sleep__E=0x1001a5a5 --define_symbol
#        ti_sysbios_knl_Task_create=0x1001accd --define_symbol
#        ti_sysbios_knl_Mailbox_Params__init__S=0x1001bfe5 --define_symbol
#        ti_sysbios_knl_Task_restoreHwi__E=0x1001bc19 --define_symbol
#        ti_sysbios_knl_Mailbox_postInit__I=0x1001b675 --define_symbol
#        ti_sysbios_knl_Task_delete=0x1001c11d --define_symbol
#        ti_sysbios_heaps_HeapMem_isBlocking__E=0x1001c06d --define_symbol
#        ti_sysbios_knl_Clock_startI__E=0x1001a1f1 --define_symbol
#        ti_sysbios_knl_Clock_start__E=0x1001be1f --define_symbol
#        ti_sysbios_heaps_HeapMem_Module_GateProxy_query__E=0x1001c0bd
#        --define_symbol
#        ti_sysbios_family_arm_m3_Hwi_Object__delete__S=0x1001b959
#        --define_symbol
#        ti_sysbios_knl_Clock_TimerProxy_getPeriod__E=0x1001c0d5
#        --define_symbol ti_sysbios_knl_Event_checkEvents__I=0x1001baf9
#        --define_symbol ti_sysbios_knl_Task_SupportProxy_start__E=0x1001b155
#        --define_symbol ti_sysbios_heaps_HeapMem_Handle__label__S=0x1001ba39
#        --define_symbol ti_sysbios_family_arm_m3_Hwi_delete=0x1001c0a5
#        --define_symbol
#        ti_sysbios_heaps_HeapMem_Module_GateProxy_Handle__label__S=0x1001b9d9
#        --define_symbol ti_sysbios_knl_Semaphore_Object__delete__S=0x1001b8d5
#        --define_symbol ti_sysbios_hal_Hwi_HwiProxy_getStackInfo__E=0x1001b099
#        --define_symbol ti_sysbios_knl_Idle_run__E=0x1001bb19 --define_symbol
#        ti_sysbios_knl_Swi_delete=0x1001c111 --define_symbol
#        xdc_runtime_Memory_valloc__E=0x1001c689 --define_symbol
#        ti_sysbios_knl_Mailbox_Object__delete__S=0x1001bb39 --define_symbol
#        ti_sysbios_family_arm_m3_TaskSupport_start__E=0x1001b155
#        --define_symbol xdc_runtime_Timestamp_get64__E=0x1001b77d
#        --define_symbol
#        ti_sysbios_family_arm_m3_Hwi_Module__startupDone__S=0x1001b939
#        --define_symbol
#        ti_sysbios_heaps_HeapMem_Module_GateProxy_Params__init__S=0x1001bfb5
#        --define_symbol ti_sysbios_knl_Swi_startup__E=0x1001c085
#        --define_symbol ti_sysbios_knl_Task_schedule__I=0x1001ae69
#        --define_symbol ti_sysbios_gates_GateMutex_leave__E=0x1001bdd9
#        --define_symbol ti_sysbios_heaps_HeapMem_Object__delete__S=0x1001ba59
#        --define_symbol ti_sysbios_knl_Event_create=0x1001b42d --define_symbol
#        ti_sysbios_knl_Clock_TimerProxy_setNextTick__E=0x1001bf01
#        --define_symbol ti_sysbios_knl_Swi_Object__get__S=0x1001b725
#        --define_symbol ti_sysbios_knl_Task_restore__E=0x1001b7f5
#        --define_symbol xdc_runtime_Memory_HeapProxy_alloc__E=0x1001c775
#        --define_symbol
#        ti_sysbios_heaps_HeapMem_Module_GateProxy_Object__delete__S=0x1001b88d
#        --define_symbol ti_sysbios_gates_GateHwi_Object__create__S=0x1001b869
#        --define_symbol
#        ti_sysbios_hal_Hwi_HwiProxy_disableInterrupt__E=0x1001af45
#        --define_symbol ti_sysbios_BIOS_start__E=0x1001beb1 --define_symbol
#        ti_sysbios_BIOS_exit__E=0x1001be81 --define_symbol
#        ti_sysbios_family_arm_m3_TaskSupport_getStackAlignment__E=0x1001bf9d
#        --define_symbol xdc_runtime_SysCallback_abort__E=0x1001c715
#        --define_symbol ti_sysbios_knl_Queue_destruct=0x1001c0fd
#        --define_symbol ti_sysbios_family_arm_m3_Hwi_postInit__I=0x10019e75
#        --define_symbol ti_sysbios_gates_GateMutex_Instance_init__E=0x1001bc71
#        --define_symbol ti_sysbios_knl_Task_Instance_finalize__E=0x1001a059
#        --define_symbol
#        ti_sysbios_knl_Clock_TimerProxy_getCurrentTick__E=0x1001bee1
#        --define_symbol ti_sysbios_family_arm_m3_Hwi_disableFxn__E=0x1001bf85
#        --define_symbol xdc_runtime_Memory_HeapProxy_free__E=0x1001c77f
#        --define_symbol ti_sysbios_knl_Mailbox_Module_startup__E=0x1001afcd
#        --define_symbol ti_sysbios_knl_Task_Object__delete__S=0x1001bbd9
#        --define_symbol xdc_runtime_Startup_rtsDone__E=0x1001c769
#        --define_symbol ti_sysbios_gates_GateHwi_Handle__label__S=0x1001b999
#        --define_symbol xdc_runtime_Text_ropeText__E=0x1001c6ed
#        --define_symbol ti_sysbios_knl_Clock_destruct=0x1001c0dd
#        --define_symbol ti_sysbios_knl_Queue_construct=0x1001b6a1
#        --define_symbol
#        ti_sysbios_family_arm_m3_Hwi_switchFromBootStack__E=0x1001be35
#        --define_symbol ti_sysbios_heaps_HeapMem_Object__get__S=0x1001b5c5
#        --define_symbol ti_sysbios_hal_Hwi_HwiProxy_create=0x1001bc8d
#        --define_symbol ti_sysbios_gates_GateMutex_query__E=0x1001c0bd
#        --define_symbol ti_sysbios_knl_Swi_schedule__I=0x1001ad25
#        --define_symbol ti_sysbios_knl_Task_Params__init__S=0x1001c021
#        --define_symbol
#        ti_sysbios_family_arm_m3_Hwi_Params__init__S=0x1001bf79
#        --define_symbol ti_sysbios_family_arm_m3_Hwi_plug__E=0x1001bdc1
#        --define_symbol xdc_runtime_System_exitSpin__E=0x1001c7a3
#        --define_symbol
#        xdc_runtime_System_Module_GateProxy_query__E=0x1001c0b1
#        --define_symbol ti_sysbios_gates_GateMutex_construct=0x1001b541
#        --define_symbol
#        xdc_runtime_System_Module_GateProxy_leave__E=0x1001c79d
#        --define_symbol ti_sysbios_knl_Mailbox_pend__E=0x1001a535
#        --define_symbol
#        ti_sysbios_hal_Hwi_HwiProxy_Object__delete__S=0x1001b959
#        --define_symbol
#        ti_sysbios_family_arm_m3_TaskSupport_Module__startupDone__S=0x1001c0ad
#        --define_symbol
#        ti_sysbios_BIOS_RtsGateProxy_Params__init__S=0x1001bfb5
#        --define_symbol xdc_runtime_Core_assignLabel__I=0x1001c5b9
#        --define_symbol ti_sysbios_heaps_HeapMem_freeUnprotected__E=0x1001ab6d
#        --define_symbol
#        xdc_runtime_System_Module_GateProxy_enter__E=0x1001c799
#        --define_symbol xdc_runtime_System_exit__E=0x1001c6d5 --define_symbol
#        ti_sysbios_knl_Swi_Params__init__S=0x1001c015 --define_symbol
#        ti_sysbios_knl_Event_Object__destruct__S=0x1001bcc5 --define_symbol
#        ti_sysbios_knl_Clock_workFunc__E=0x1001a369 --define_symbol
#        ti_sysbios_family_arm_m3_Hwi_restoreFxn__E=0x1001c061 --define_symbol
#        ti_sysbios_family_arm_cc26xx_TimestampProvider_Module_startup__E=0x1001b919
#        --define_symbol ti_sysbios_knl_Semaphore_delete=0x1001c109
#        --define_symbol
#        ti_sysbios_family_arm_cc26xx_Timer_getPeriod__E=0x1001c09d
#        --define_symbol ti_sysbios_family_arm_m3_Hwi_initNVIC__E=0x1001a171
#        --define_symbol ti_sysbios_knl_Clock_addI__E=0x1001b7a5
#        --define_symbol
#        ti_sysbios_family_arm_m3_Hwi_Instance_finalize__E=0x1001a755
#        --define_symbol ti_sysbios_heaps_HeapMem_alloc__E=0x1001ab15
#        --define_symbol ti_sysbios_knl_Task_unblockI__E=0x1001b751
#        --define_symbol ti_sysbios_knl_Swi_Instance_finalize__E=0x1001bf77
#        --define_symbol
#        ti_sysbios_family_arm_m3_Hwi_disableInterrupt__E=0x1001af45
#        --define_symbol ti_sysbios_family_arm_m3_Hwi_enableFxn__E=0x1001bf91
#        --define_symbol xdc_runtime_Gate_enterSystem__E=0x1001c795
#        --define_symbol
#        ti_sysbios_gates_GateMutex_Object__delete__S=0x1001b88d
#        --define_symbol
#        ti_sysbios_family_arm_cc26xx_TimestampProvider_get64__E=0x1001b77d
#        --define_symbol ti_sysbios_knl_Mailbox_Instance_init__E=0x10019dad
#        --define_symbol xdc_runtime_Text_cordText__E=0x1001c621
#        --define_symbol xdc_runtime_Startup_exec__E=0x1001c415 --define_symbol
#        ti_sysbios_hal_Hwi_HwiProxy_Module__startupDone__S=0x1001b939
#        --define_symbol ti_sysbios_heaps_HeapMem_getStats__E=0x1001aefd
#        --define_symbol
#        xdc_runtime_Memory_getMaxDefaultTypeAlign__E=0x1001c75d
#        --define_symbol ti_sysbios_hal_Hwi_disableInterrupt__E=0x1001af45
#        --define_symbol ti_sysbios_knl_Event_post__E=0x1001a455
#        --define_symbol ti_sysbios_knl_Task_Object__get__S=0x1001bbf9
#        --define_symbol ti_sysbios_knl_Event_pendTimeout__I=0x1001b61d
#        --define_symbol ti_sysbios_family_arm_m3_Hwi_construct=0x1001aabd
#        --define_symbol
#        ti_sysbios_knl_Clock_TimerProxy_Module__startupDone__S=0x1001b8f9
#        --define_symbol ti_sysbios_knl_Clock_Module_startup__E=0x1001ba79
#        --define_symbol ti_sysbios_knl_Mailbox_construct=0x1001abc5
#        --define_symbol ti_sysbios_knl_Task_construct=0x1001ae19
#        --define_symbol xdc_runtime_Core_constructObject__I=0x1001c4f5
#        --define_symbol ti_sysbios_knl_Queue_dequeue__E=0x1001bff1
#        --define_symbol ti_sysbios_knl_Task_Module_startup__E=0x1001aa05
#        --define_symbol
#        ti_sysbios_family_arm_cc26xx_Timer_getExpiredTicks__E=0x1001c099
#        --define_symbol ti_sysbios_family_arm_m3_Hwi_Object__get__S=0x1001b515
#        --define_symbol ti_sysbios_knl_Mailbox_destruct=0x1001c0f5
#        --define_symbol xdc_runtime_System_Module_startup__E=0x1001c78f
#        --define_symbol ti_sysbios_knl_Swi_postInit__I=0x1001c119
#        --define_symbol
#        ti_sysbios_family_arm_m3_Hwi_Module_startup__E=0x1001aeb5
#        --define_symbol ti_sysbios_gates_GateMutex_enter__E=0x1001b3cd
#        --define_symbol ti_sysbios_family_arm_m3_Hwi_setPriority__E=0x1001bc55
#        --define_symbol ti_sysbios_knl_Queue_Object__get__S=0x1001bb79
#        --define_symbol ti_sysbios_knl_Clock_setTimeout__E=0x1001c0e5
#        --define_symbol
#        ti_sysbios_family_arm_m3_Hwi_excHandlerAsm__I=0x1001c901
#        --define_symbol ti_sysbios_family_arm_m3_Hwi_return=0x1001c957
#        --define_symbol ti_sysbios_family_arm_m3_Hwi_pendSV__I=0x1001c93f
#        --define_symbol ti_sysbios_family_arm_m3_Hwi_dispatch__I=0x1001c7a5
#        --define_symbol ti_sysbios_family_xxx_Hwi_switchAndRunFunc=0x1001c921
#        --define_symbol ti_sysbios_family_arm_m3_Hwi_initStacks__E=0x1001c8b9
#        --define_symbol ti_sysbios_knl_Task_swapReturn=0x1001c971
#        --define_symbol ti_sysbios_family_arm_m3_TaskSupport_glue=0x1001c959
#        --define_symbol
#        ti_sysbios_family_arm_m3_TaskSupport_buildTaskStack=0x1001c86d
#        --define_symbol
#        ti_sysbios_family_arm_m3_TaskSupport_swap__E=0x1001c969
#        --define_symbol ti_sysbios_knl_Task_SupportProxy_swap__E=0x1001c969
#        --define_symbol xdc_runtime_Startup__EXECFXN__C=1 --define_symbol
#        xdc_runtime_Startup__RESETFXN__C=1 --config_search
#        C:/ti/simplelink_cc2640r2_sdk_1_40_00_45/kernel/tirtos/packages/ti/sysbios/rom/cortexm/cc26xx/r2/golden/CC26xx/
#        --config_def USE_TIRTOS_ROM=1 --keep __ASM__ --keep __PLAT__ --keep
#        __ISA__ --keep __TARG__ --keep __TRDR__) -f
#        C:\ti\simplelink_cc2640r2_sdk_1_40_00_45\examples\rtos\CC2640R2_LAUNCHXL\ble5stack\1.1_simple_peripheral\tirtos\iar\app\..\config\lib_linker.cmd
#        (C:\ti\simplelink_cc2640r2_sdk_1_40_00_45\source\ti\ble5stack\blelib\ctrl\cc2640_hci_pxxx.a
#        C:\ti\simplelink_cc2640r2_sdk_1_40_00_45\source\ti\ble5stack\blelib\ctrl\cc2640_ll_pxxx.a
#        C:\ti\simplelink_cc2640r2_sdk_1_40_00_45\source\ti\ble5stack\blelib\hci_tl\cc26xx_hci_tl_none.a
#        C:\ti\simplelink_cc2640r2_sdk_1_40_00_45\source\ti\ble5stack\blelib\host\cc26xx_att_pxxx.a
#        C:\ti\simplelink_cc2640r2_sdk_1_40_00_45\source\ti\ble5stack\blelib\host\cc26xx_gap_pxxx.a
#        C:\ti\simplelink_cc2640r2_sdk_1_40_00_45\source\ti\ble5stack\blelib\host\cc26xx_gatt_pxxx.a
#        C:\ti\simplelink_cc2640r2_sdk_1_40_00_45\source\ti\ble5stack\blelib\host\cc26xx_l2cap_pxxx.a
#        C:\ti\simplelink_cc2640r2_sdk_1_40_00_45\source\ti\ble5stack\blelib\host\cc26xx_profiles_pxxx.a
#        C:\ti\simplelink_cc2640r2_sdk_1_40_00_45\source\ti\ble5stack\blelib\host\cc26xx_smp_pxxx.a
#        C:\ti\simplelink_cc2640r2_sdk_1_40_00_45\source\ti\ble5stack\blelib\host\cc26xx_sm_pxxx.a)
#        C:\ti\simplelink_cc2640r2_sdk_1_40_00_45\examples\rtos\CC2640R2_LAUNCHXL\ble5stack\1.1_simple_peripheral\tirtos\iar\app\..\config\ble_r2.symbols
#        C:\ti\simplelink_cc2640r2_sdk_1_40_00_45\examples\rtos\CC2640R2_LAUNCHXL\ble5stack\1.1_simple_peripheral\tirtos\iar\app\..\..\..\..\..\..\..\..\source\ti\devices\cc26x0r2\driverlib\bin\iar\driverlib.lib
#        C:\ti\simplelink_cc2640r2_sdk_1_40_00_45\examples\rtos\CC2640R2_LAUNCHXL\ble5stack\1.1_simple_peripheral\tirtos\iar\app\..\..\..\..\..\..\..\..\kernel\tirtos\packages\ti\dpl\lib\dpl_cc26x0r2.arm3
#        C:\ti\simplelink_cc2640r2_sdk_1_40_00_45\examples\rtos\CC2640R2_LAUNCHXL\ble5stack\1.1_simple_peripheral\tirtos\iar\app\..\..\..\..\..\..\..\..\source\ti\drivers\lib\drivers_cc26x0r2.arm3
#        C:\ti\simplelink_cc2640r2_sdk_1_40_00_45\examples\rtos\CC2640R2_LAUNCHXL\ble5stack\1.1_simple_peripheral\tirtos\iar\app\..\..\..\..\..\..\..\..\source\ti\drivers\rf\lib\rf_singleMode_cc26x0r2.arm3
#        C:\ti\simplelink_cc2640r2_sdk_1_40_00_45\examples\rtos\CC2640R2_LAUNCHXL\ble5stack\1.1_simple_peripheral\tirtos\iar\app\..\..\..\..\..\..\..\..\source\ti\display\lib\display.arm3
#        C:\ti\simplelink_cc2640r2_sdk_1_40_00_45\examples\rtos\CC2640R2_LAUNCHXL\ble5stack\1.1_simple_peripheral\tirtos\iar\app\..\..\..\..\..\..\..\..\source\ti\grlib\lib\grlib.arm3
#        C:\ti\simplelink_cc2640r2_sdk_1_40_00_45\examples\rtos\CC2640R2_LAUNCHXL\ble5stack\1.1_simple_peripheral\tirtos\iar\app\..\..\..\..\..\..\..\..\source\ti\mw\lcd\lib\lcd.arm3
#        --entry __iar_program_start --vfe --text_out locale)
#
###############################################################################

*******************************************************************************
*** RUNTIME MODEL ATTRIBUTES
***

CppFlavor       = *
__SystemLibrary = DLib
__dlib_version  = 6


*******************************************************************************
*** HEAP SELECTION
***

The basic heap was selected because no calls to memory allocation
functions were found in the application outside of system library
functions, and there are calls to deallocation functions in the
application.


*******************************************************************************
*** RESERVED RANGES
***

Ranges reserved by absolute symbols:
   [0x10004945-0x10004966]
   [0x10004969-0x1000498a]
   [0x1000498d-0x100049ac]
   [0x100049ad-0x100049d8]
   [0x100049d9-0x100049f8]
   [0x100049f9-0x10004a22]
   [0x10004a25-0x10004a50]
   [0x10004a61-0x10004a76]
   [0x10004a95-0x10004ab4]
   [0x10004ab5-0x10004ac0]
   [0x10004ac1-0x10004aec]
   [0x10004aed-0x10004b48]
   [0x10004b7d-0x10004bba]
   [0x10004bbd-0x10004bd0]
   [0x1000559d-0x100055e4]
   [0x10005701-0x10005728]
   [0x10005739-0x1000578a]
   [0x10005795-0x100058f4]
   [0x10005919-0x100059ec]
   [0x10005afd-0x10005e72]
   [0x10005e85-0x10005f42]
   [0x10005f95-0x10006046]
   [0x1000604d-0x10006140]
   [0x100067d5-0x10006816]
   [0x10006819-0x10006854]
   [0x10006859-0x10006866]
   [0x100068a1-0x100068be]
   [0x100068c1-0x100068c4]
   [0x100068c5-0x100068c8]
   [0x100068c9-0x100068e8]
   [0x10006929-0x1000693c]
   [0x10006941-0x10006962]
   [0x10006b8d-0x10006c16]
   [0x10006c1d-0x10006c94]
   [0x10006c95-0x10006c98]
   [0x10006c99-0x10006c9c]
   [0x10006cb9-0x10006cbc]
   [0x10006d75-0x10006d78]
   [0x10006d79-0x10006d7c]
   [0x10006d7d-0x10006d98]
   [0x10006dc1-0x10006de4]
   [0x10006ded-0x10006e20]
   [0x10006e21-0x10006e24]
   [0x10006e25-0x10006e42]
   [0x10007071-0x10007072]
   [0x10007075-0x100070ae]
   [0x100070b1-0x1000713c]
   [0x1000713d-0x10007190]
   [0x10007479-0x10007640]
   [0x10007659-0x10007828]
   [0x10007829-0x10007868]
   [0x10007ff5-0x10008048]
   [0x100080b9-0x100080f0]
   [0x10008635-0x10008668]
   [0x10008669-0x10008690]
   [0x10008691-0x10008696]
   [0x10008e45-0x10008ecc]
   [0x10008fbd-0x10008fda]
   [0x1000929d-0x100092a6]
   [0x100092d1-0x100092e8]
   [0x10009475-0x100094b8]
   [0x100094b9-0x100094da]
   [0x1000a551-0x1000a55c]
   [0x1000a55d-0x1000a582]
   [0x1000a5a9-0x1000a5ac]
   [0x1000a5ad-0x1000a5b0]
   [0x1000a5b1-0x1000a5d6]
   [0x1000a7f1-0x1000a7fc]
   [0x1000a7fd-0x1000a838]
   [0x1000a839-0x1000a872]
   [0x1000a875-0x1000a890]
   [0x1000a91d-0x1000a958]
   [0x1000a97d-0x1000a9b6]
   [0x1000a9b9-0x1000a9e2]
   [0x1000a9f1-0x1000aa4e]
   [0x1000ab05-0x1000ab22]
   [0x1000ab89-0x1000abc2]
   [0x1000abc5-0x1000abe4]
   [0x1000abe5-0x1000ac08]
   [0x1000ac09-0x1000ac3e]
   [0x1000ac41-0x1000ac5e]
   [0x1000ac61-0x1000ac7e]
   [0x1000ac81-0x1000ac9e]
   [0x1000ada9-0x1000adc6]
   [0x1000adc9-0x1000adec]
   [0x1000ae21-0x1000ae4a]
   [0x1000af8d-0x1000afa8]
   [0x1000afa9-0x1000afc4]
   [0x1000b079-0x1000b0ba]
   [0x1000b0bd-0x1000b0d8]
   [0x1000b16d-0x1000b186]
   [0x1000b191-0x1000b1ae]
   [0x1000b1b1-0x1000b1ce]
   [0x1000b24d-0x1000b26a]
   [0x1000b26d-0x1000b288]
   [0x1000b289-0x1000b2a6]
   [0x1000b2bd-0x1000b2de]
   [0x1000b495-0x1000b4b2]
   [0x1000b95d-0x1000b986]
   [0x1000b9d9-0x1000ba2e]
   [0x1000ba8d-0x1000bab0]
   [0x1000bab1-0x1000bb76]
   [0x1000bb91-0x1000bc2a]
   [0x1000bc2d-0x1000bc92]
   [0x1000bca5-0x1000bcec]
   [0x1000bced-0x1000bd1a]
   [0x1000bd51-0x1000bd78]
   [0x1000bd79-0x1000be20]
   [0x1000be21-0x1000be70]
   [0x1000be71-0x1000bee2]
   [0x1000bee5-0x1000bf64]
   [0x1000bf65-0x1000bfca]
   [0x1000c1c9-0x1000c3d6]
   [0x1000c695-0x1000c70c]
   [0x1000c749-0x1000c7fa]
   [0x1000c825-0x1000c884]
   [0x1000c8ad-0x1000c91a]
   [0x1000c921-0x1000c9e2]
   [0x1000ca01-0x1000ca5c]
   [0x1000ca69-0x1000cacc]
   [0x1000cb35-0x1000cb5a]
   [0x1000eaed-0x1000eb90]
   [0x1000eb91-0x1000ec8e]
   [0x1000ec99-0x1000eca0]
   [0x1000eca1-0x1000ecda]
   [0x1000edf9-0x1000ee22]
   [0x1000ee25-0x1000eeee]
   [0x1000eef1-0x1000ef30]
   [0x1000f01d-0x1000f05a]
   [0x1000f05d-0x1000f0bc]
   [0x1000f0bd-0x1000f0d8]
   [0x1000f0d9-0x1000f128]
   [0x1000f129-0x1000f146]
   [0x1000f149-0x1000f170]
   [0x1000f18d-0x1000f1bc]
   [0x1000f1bd-0x1000f214]
   [0x1000f215-0x1000f2b8]
   [0x1000f2b9-0x1000f35a]
   [0x1000f35d-0x1000f396]
   [0x1000f435-0x1000f452]
   [0x1000f465-0x1000f4e4]
   [0x1000f501-0x1000f54e]
   [0x1000f551-0x1000f562]
   [0x1000f565-0x1000f58c]
   [0x1000f58d-0x1000f604]
   [0x1000f819-0x1000f850]
   [0x1000f855-0x1000f866]
   [0x1000f869-0x1000f896]
   [0x1000f899-0x1000f8aa]
   [0x1000f8c1-0x1000f8ec]
   [0x1000f8fd-0x1000f90e]
   [0x1000f911-0x1000f984]
   [0x1000f985-0x1000f9ca]
   [0x1000f9cd-0x1000f9ee]
   [0x1000f9f1-0x1000fa38]
   [0x1000fa89-0x1000fb06]
   [0x1000fb09-0x1000fbbe]
   [0x1000fc09-0x1000fc10]
   [0x1000fc11-0x1000fc56]
   [0x1000fc59-0x1000fcb6]
   [0x1000fd55-0x1000fdba]
   [0x1000fdbd-0x1000fe04]
   [0x1000fe05-0x1000fe9e]
   [0x1000fead-0x1000feba]
   [0x1000febd-0x1000fece]
   [0x1000fedd-0x1000ffca]
   [0x1000ffcd-0x10010042]
   [0x10010045-0x1001009c]
   [0x100100ad-0x100100c6]
   [0x100100c9-0x100100e6]
   [0x100100e9-0x1001026c]
   [0x1001026d-0x10010270]
   [0x10010271-0x10010388]
   [0x1001039d-0x100103be]
   [0x100103c1-0x100103e2]
   [0x100103f9-0x1001041e]
   [0x10010421-0x10010490]
   [0x1001049d-0x100104e8]
   [0x100104e9-0x10010518]
   [0x10010519-0x1001059c]
   [0x1001059d-0x10010618]
   [0x10010619-0x1001061c]
   [0x1001061d-0x10010632]
   [0x10010635-0x1001065a]
   [0x1001065d-0x10010684]
   [0x10010685-0x1001069a]
   [0x1001069d-0x100106b6]
   [0x100106b9-0x100106d2]
   [0x100106e1-0x1001070e]
   [0x1001071d-0x100107ac]
   [0x100107d1-0x10010880]
   [0x10010881-0x100108c0]
   [0x100108f9-0x1001090e]
   [0x10010911-0x10010a7c]
   [0x10010a7d-0x10010bc0]
   [0x10010bd5-0x10010ccc]
   [0x10010cd5-0x10010d5c]
   [0x10010d5d-0x10010ddc]
   [0x10010ddd-0x10010e5c]
   [0x10010ea9-0x10010fae]
   [0x10010fd5-0x10011148]
   [0x10011165-0x10011204]
   [0x10011205-0x100112ca]
   [0x100112d9-0x1001134a]
   [0x1001134d-0x10011408]
   [0x10011409-0x1001142e]
   [0x10011489-0x10011496]
   [0x10011499-0x100114a6]
   [0x100114d5-0x100114e2]
   [0x100114e5-0x1001157a]
   [0x1001157d-0x10011604]
   [0x10011605-0x100116aa]
   [0x100116ad-0x100116fe]
   [0x100117c1-0x100117ec]
   [0x10011829-0x1001187c]
   [0x1001187d-0x10011916]
   [0x10011919-0x1001194a]
   [0x1001194d-0x10011982]
   [0x10011ac1-0x10011af6]
   [0x10011b85-0x10011bf6]
   [0x10011bf9-0x10011c32]
   [0x10011c35-0x10011c8c]
   [0x10011c8d-0x10011cb2]
   [0x10011cb5-0x10011dbe]
   [0x10011dc1-0x10011e00]
   [0x10011e01-0x10011e24]
   [0x10011e25-0x10011e80]
   [0x10011e81-0x10011ef4]
   [0x10011efd-0x10011f74]
   [0x100120f9-0x100120fe]
   [0x100121a5-0x100121b6]
   [0x1001225d-0x10012340]
   [0x1001234d-0x10012362]
   [0x10012365-0x1001239c]
   [0x100123b1-0x100123de]
   [0x10012445-0x10012458]
   [0x10012459-0x10012464]
   [0x10012465-0x10012520]
   [0x10012521-0x10012622]
   [0x10012625-0x10012770]
   [0x10012789-0x10012842]
   [0x1001284d-0x10012860]
   [0x10012861-0x1001287c]
   [0x1001287d-0x10012894]
   [0x10012895-0x1001295e]
   [0x10012961-0x10012ae4]
   [0x10012b01-0x10012bfa]
   [0x10012c45-0x10012d22]
   [0x10012dfd-0x10012e28]
   [0x10013061-0x1001308e]
   [0x10013165-0x100131ec]
   [0x100131ed-0x10013324]
   [0x10013335-0x10013362]
   [0x10013365-0x10013450]
   [0x10013451-0x100134ca]
   [0x100134cd-0x1001353a]
   [0x1001353d-0x10013588]
   [0x10013589-0x100135fc]
   [0x100135fd-0x10013636]
   [0x10013641-0x1001369e]
   [0x100136a1-0x100136ee]
   [0x10014459-0x10014508]
   [0x10014509-0x10014596]
   [0x10014599-0x100145de]
   [0x100146b1-0x1001470c]
   [0x1001476d-0x100147ba]
   [0x100147bd-0x10014874]
   [0x10014881-0x100148ae]
   [0x100148b1-0x10014948]
   [0x10014951-0x1001495c]
   [0x100149b5-0x100149c8]
   [0x100149c9-0x100149fc]
   [0x100149fd-0x10014a38]
   [0x10014a39-0x10014a6e]
   [0x10014a71-0x10014a86]
   [0x10014a89-0x10014abc]
   [0x10014abd-0x10014b8c]
   [0x10014ba1-0x10014bdc]
   [0x10014be5-0x10014c1a]
   [0x10014c1d-0x10014c4e]
   [0x10014c51-0x10014c74]
   [0x10014c75-0x10014ca0]
   [0x10014cd1-0x10014ce4]
   [0x10014ce5-0x10014cf8]
   [0x10014cf9-0x10014d72]
   [0x10014d75-0x10014e04]
   [0x10014e05-0x10014e2a]
   [0x10014e2d-0x10014e5e]
   [0x10014e69-0x10014eb6]
   [0x10014eb9-0x10014f50]
   [0x10014f51-0x10014fac]
   [0x10014fad-0x10014fea]
   [0x10014fed-0x1001502c]
   [0x1001502d-0x10015058]
   [0x10015059-0x10015092]
   [0x10015095-0x10015096]
   [0x10015099-0x100150a2]
   [0x100150a5-0x100150a8]
   [0x10015189-0x100151da]
   [0x100151dd-0x10015236]
   [0x10015239-0x10015266]
   [0x10015269-0x100152a8]
   [0x100152a9-0x100152ba]
   [0x100152bd-0x100152e6]
   [0x100152e9-0x10015308]
   [0x10015309-0x10015318]
   [0x10015321-0x1001534a]
   [0x1001534d-0x10015384]
   [0x10015385-0x10015390]
   [0x10015391-0x100153fa]
   [0x100153fd-0x1001542c]
   [0x1001542d-0x1001544e]
   [0x10015b75-0x10015b9c]
   [0x10015be5-0x10015c48]
   [0x10015c49-0x10015c5a]
   [0x10015c5d-0x10015c7a]
   [0x10015c81-0x10015c8a]
   [0x10015c8d-0x10015c90]
   [0x10015cb9-0x10015cba]
   [0x10015cbd-0x10015cc6]
   [0x10015cc9-0x10015ce0]
   [0x10015d25-0x10015d3e]
   [0x10015d41-0x10015d88]
   [0x10015d89-0x10015d90]
   [0x10015da5-0x10015dbe]
   [0x10015de5-0x10015e26]
   [0x10015e29-0x10015e2a]
   [0x10015e2d-0x10015e4c]
   [0x10015e51-0x10015e5a]
   [0x10015e6d-0x10015e70]
   [0x10015e75-0x10015e9e]
   [0x10015eb1-0x10015eb4]
   [0x10015ed1-0x10015eda]
   [0x10015ef9-0x10015efc]
   [0x10015f15-0x10015f2c]
   [0x10015f2d-0x10015f30]
   [0x10015f35-0x10015f38]
   [0x10015f75-0x10015f76]
   [0x10015f79-0x10015fa0]
   [0x10015fa1-0x10015fa4]
   [0x10015ff5-0x10015ffc]
   [0x10015ffd-0x1001600e]
   [0x10016011-0x1001601a]
   [0x1001601d-0x10016020]
   [0x10016035-0x10016052]
   [0x10016071-0x10016110]
   [0x10016111-0x1001616c]
   [0x10016179-0x100161a2]
   [0x100161e9-0x1001621c]
   [0x1001621d-0x10016244]
   [0x10016255-0x10016266]
   [0x10016269-0x1001627a]
   [0x1001627d-0x1001632c]
   [0x1001632d-0x1001640c]
   [0x1001640d-0x10016426]
   [0x10016429-0x10016442]
   [0x10016445-0x1001645e]
   [0x10016461-0x1001647a]
   [0x1001647d-0x1001648c]
   [0x1001648d-0x100164aa]
   [0x100164ad-0x100164c6]
   [0x100164c9-0x100164e2]
   [0x100164e5-0x10016510]
   [0x10016511-0x1001653a]
   [0x10016549-0x10016562]
   [0x10016579-0x1001659c]
   [0x1001659d-0x100165b6]
   [0x100165c9-0x100165ec]
   [0x100165ed-0x10016606]
   [0x10016609-0x10016622]
   [0x10016625-0x10016646]
   [0x10016649-0x1001666a]
   [0x1001666d-0x1001669a]
   [0x1001669d-0x100166c6]
   [0x100166d9-0x100166f4]
   [0x100166f5-0x1001670c]
   [0x10016729-0x1001673a]
   [0x1001673d-0x10016790]
   [0x10016c1d-0x10016c48]
   [0x10016c65-0x10016c84]
   [0x10016d29-0x10016d70]
   [0x10016d71-0x10016dce]
   [0x10016e1d-0x10016e56]
   [0x10016e59-0x10016e86]
   [0x10016e89-0x10016e9c]
   [0x10016f01-0x10016f16]
   [0x10017021-0x10017050]
   [0x10017139-0x1001714a]
   [0x1001714d-0x100171ac]
   [0x100171ad-0x100171ca]
   [0x100171cd-0x100171e2]
   [0x100171e5-0x1001720c]
   [0x1001720d-0x1001721e]
   [0x10017221-0x10017232]
   [0x10017235-0x10017256]
   [0x10017259-0x1001729c]
   [0x1001729d-0x100172d8]
   [0x100172f9-0x10017334]
   [0x100175d9-0x10017614]
   [0x10017615-0x100176c0]
   [0x100176c1-0x10017714]
   [0x10017715-0x10017762]
   [0x100179c9-0x10017a4e]
   [0x10017a51-0x10017ad8]
   [0x10017ad9-0x10017b26]
   [0x10017b31-0x10017bae]
   [0x10017bbd-0x10017c3c]
   [0x10017c3d-0x10017cc6]
   [0x10017cc9-0x10017d24]
   [0x10017d7d-0x10017de2]
   [0x10017de5-0x10017e02]
   [0x10017e05-0x10017e8e]
   [0x10017e91-0x10017ed2]
   [0x10017ed5-0x10017f06]
   [0x10017f09-0x10017f52]
   [0x10017f55-0x10017f7c]
   [0x10017f7d-0x10017fb0]
   [0x10017fb1-0x10017fd4]
   [0x10017fd5-0x10017fe2]
   [0x10017ff1-0x10018016]
   [0x10018019-0x1001801e]
   [0x10018021-0x1001803a]
   [0x1001803d-0x1001804a]
   [0x100180e5-0x10018104]
   [0x10018105-0x1001810a]
   [0x10018121-0x10018128]
   [0x10018129-0x10018130]
   [0x10018131-0x10018138]
   [0x1001814d-0x1001817a]
   [0x1001817d-0x100181aa]
   [0x100181ad-0x100181de]
   [0x100181e1-0x100181f2]
   [0x100181f5-0x100182a6]
   [0x100182a9-0x1001830a]
   [0x1001830d-0x10018320]
   [0x10018321-0x1001833e]
   [0x10018341-0x1001835c]
   [0x1001835d-0x1001838a]
   [0x1001838d-0x100183b0]
   [0x100183b1-0x10018404]
   [0x10018405-0x10018488]
   [0x10018489-0x100184a2]
   [0x100184bd-0x100184f4]
   [0x100184f5-0x10018504]
   [0x10018505-0x10018538]
   [0x10018539-0x10018562]
   [0x100185a5-0x100185aa]
   [0x10018679-0x100186bc]
   [0x100186bd-0x10018706]
   [0x10018709-0x1001873e]
   [0x10018741-0x10018766]
   [0x10018769-0x10018772]
   [0x10018775-0x1001877a]
   [0x1001877d-0x10018784]
   [0x10018785-0x100187a4]
   [0x100187a5-0x100187aa]
   [0x100187ad-0x100187e8]
   [0x100187e9-0x10018834]
   [0x10018851-0x10018856]
   [0x10018859-0x10018878]
   [0x10018879-0x100188fc]
   [0x100188fd-0x10018906]
   [0x10018909-0x10018970]
   [0x10018971-0x10018a10]
   [0x10018a11-0x10018ab2]
   [0x10018ab5-0x10018b08]
   [0x10018b09-0x10018b40]
   [0x10018b49-0x10018b4e]
   [0x10018b51-0x10018b56]
   [0x10018b81-0x10018ba2]
   [0x10018bb1-0x10018bec]
   [0x10018c11-0x10018c24]
   [0x10018c25-0x10018c48]
   [0x10018c51-0x10018ca6]
   [0x10018ca9-0x10018d3e]
   [0x10018d41-0x10018d96]
   [0x10018df9-0x10018e30]
   [0x10018e31-0x10018e36]
   [0x10018e39-0x10018e56]
   [0x10018e59-0x10018e80]
   [0x10018e81-0x10018eba]
   [0x10018ebd-0x10018eee]
   [0x10018ef1-0x10018f20]
   [0x10018f2d-0x10018f50]
   [0x10018f51-0x10018f74]
   [0x10018f91-0x10018fb4]
   [0x10018fbd-0x10018fec]
   [0x10018fed-0x10018ffc]
   [0x10018ffd-0x10019024]
   [0x10019025-0x10019034]
   [0x10019045-0x10019062]
   [0x10019065-0x10019082]
   [0x10019099-0x100190ce]
   [0x100190d9-0x10019102]
   [0x10019105-0x10019184]
   [0x10019185-0x1001919a]
   [0x100191c5-0x10019206]
   [0x10019231-0x10019274]
   [0x10019275-0x10019290]
   [0x10019291-0x1001929c]
   [0x1001929d-0x100192a2]
   [0x100192b9-0x100192ba]
   [0x1001930d-0x1001933a]
   [0x10019385-0x10019398]
   [0x10019399-0x100193dc]
   [0x100193dd-0x100193fe]
   [0x10019401-0x10019428]
   [0x10019445-0x10019462]
   [0x10019465-0x10019518]
   [0x10019525-0x10019528]
   [0x10019529-0x1001952c]
   [0x10019535-0x10019548]
   [0x10019549-0x100195a0]
   [0x100195a1-0x100195aa]
   [0x100195ad-0x100195c8]
   [0x100197b1-0x100197b8]
   [0x100197b9-0x100197d2]
   [0x100197dd-0x100197e0]
   [0x10019808-0x1001982b]
   [0x1001982c-0x1001984f]
   [0x10019850-0x10019873]
   [0x10019874-0x10019897]
   [0x10019898-0x100198bb]
   [0x100198bc-0x100198df]
   [0x1001993d-0x10019958]
   [0x10019a10-0x10019a1b]
   [0x10019a28-0x10019a2f]
   [0x10019a40-0x10019a43]
   [0x20000000-0x200000c7]
   [0x20000430-0x2000043f]
   [0x20000440-0x2000044f]
   [0x20000500-0x2000050f]
   [0x20000510-0x2000051f]
   [0x2000459c-0x2000459d]
   [0x200045a2-0x200045a2]
   [0x200045a7-0x200045a7]
   [0x200047cc-0x200048a7]
   [0x200048a8-0x20004983]
   [0x20004988-0x20004a1f]
   [0x20004a20-0x20004a67]
   [0x20004a68-0x20004aab]
   [0x20004b7c-0x20004bab]
   [0x20004bf4-0x20004c13]
   [0x20004c14-0x20004c33]
   [0x20004c50-0x20004c6b]
   [0x20004cfc-0x20004d13]
   [0x20004d14-0x20004d2b]
   [0x20004d5c-0x20004d6f]
   [0x20004d70-0x20004d83]
   [0x20004da4-0x20004db3]
   [0x20004db4-0x20004dc3]
   [0x20004dc4-0x20004dd3]
   [0x20004de0-0x20004deb]
   [0x20004df8-0x20004e03]
   [0x20004e14-0x20004e1b]
   [0x20004e1c-0x20004e23]
   [0x20004e24-0x20004e2b]
   [0x20004e2c-0x20004e33]
   [0x20004e34-0x20004e3b]
   [0x20004e3c-0x20004e43]
   [0x20004e44-0x20004e4b]
   [0x20004e50-0x20004e57]
   [0x20004e60-0x20004e67]
   [0x20004e68-0x20004e6f]
   [0x20004e78-0x20004e7f]
   [0x20004e88-0x20004e8b]
   [0x20004e8c-0x20004e8f]
   [0x20004e90-0x20004e93]
   [0x20004e94-0x20004e97]
   [0x20004ea0-0x20004ea3]
   [0x20004ea4-0x20004ea7]
   [0x20004ebc-0x20004ebf]
   [0x20004ed8-0x20004edb]
   [0x20004eec-0x20004eef]
   [0x20004ef0-0x20004ef3]
   [0x20004ef4-0x20004ef7]
   [0x20004ef8-0x20004efb]
   [0x20004efc-0x20004eff]
   [0x20004f00-0x20004f03]
   [0x20004f04-0x20004f07]
   [0x20004f08-0x20004f0b]
   [0x20004f0c-0x20004f0f]
   [0x20004f10-0x20004f13]
   [0x20004f18-0x20004f1b]
   [0x20004f20-0x20004f23]
   [0x20004f28-0x20004f2b]
   [0x20004f2c-0x20004f2f]
   [0x20004f30-0x20004f33]
   [0x20004f34-0x20004f37]
   [0x20004f42-0x20004f43]
   [0x20004f44-0x20004f45]
   [0x20004f46-0x20004f47]
   [0x20004f48-0x20004f49]
   [0x20004f4a-0x20004f4b]
   [0x20004f4c-0x20004f4d]
   [0x20004f4e-0x20004f4f]
   [0x20004f50-0x20004f51]
   [0x20004f52-0x20004f53]
   [0x20004f54-0x20004f55]
   [0x20004f58-0x20004f58]
   [0x20004f5a-0x20004f5a]
   [0x20004f5b-0x20004f5b]
   [0x20004f5c-0x20004f5c]
   [0x20004f5d-0x20004f5d]
   [0x20004f5e-0x20004f5e]
   [0x20004f5f-0x20004f5f]
   [0x20004f60-0x20004f60]
   [0x20004f61-0x20004f61]
   [0x20004f62-0x20004f62]
   [0x20004f65-0x20004f65]
   [0x20004f69-0x20004f69]
   [0x20004f6a-0x20004f6a]
   [0x20004f6b-0x20004f6b]
   [0x20004f6c-0x20004f6c]
   [0x20004f6d-0x20004f6d]
   [0x20004f6e-0x20004f6e]
   [0x20004f6f-0x20004f6f]
   [0x20004f70-0x20004f70]
   [0x20004f71-0x20004f71]
   [0x20004f72-0x20004f72]
   [0x20004f73-0x20004f73]
   [0x20004f74-0x20004f74]
   [0x20004f75-0x20004f75]
   [0x20004f76-0x20004f76]
   [0x20004f77-0x20004f77]
   [0x20004f78-0x20004f78]
   [0x20004f79-0x20004f79]
   [0x20004f7a-0x20004f7a]
   [0x20004f7b-0x20004f7b]
   [0x20004f7c-0x20004f7c]
   [0x20004f7d-0x20004f7d]
   [0x20004f80-0x20004f83]
   [0x20004f84-0x20004f87]
   [0x20004f88-0x20004f8b]
   [0x20004f8c-0x20004f8f]
   [0x20004f90-0x20004f93]
   [0x20004f94-0x20004f97]
   [0x20004f98-0x20004f9b]
   [0x20004f9c-0x20004f9c]


*******************************************************************************
*** PLACEMENT SUMMARY
***

"P1":  place in [from 0x00000000 to 0x0001ffff] { ro };
"A0":  place at end of [0x0001f000-0x0001ffff] { ro section .ccfg };
"A1":  place at 0x00000000 { ro section .intvec };
define block SNVSECT with alignment = 4K { ro section .snvSectors };
"A2":  place at end of [0x00000000-0x0001efff] { block SNVSECT };
define block HEAP_END with size = 1 { section .heap_end };
define block CSTACK with size = 1K, alignment = 8 { section .stack };
define block END_OF_RAM with fixed order { block HEAP_END, block CSTACK };
"A4":  place at end of [0x20000000-0x200043ff] { block END_OF_RAM };
define block RWDATA with alignment = 8 { rw };
"P2":  place in [from 0x20000000 to 0x200043ff] {
          block RWDATA, last section .heap_start };
"A5":  place at 0x00001300 { ro section .const_xdc_runtime_Error_policy__C };
"A6":  place at 0x000012b8 {
          ro section .const_xdc_runtime_IModule_Interface__BASE__C };
"A7":  place at 0x00001298 {
          ro section .const_xdc_runtime_Startup_lastFxns__C };
"A8":  place at 0x00001130 {
          ro section .const_ti_sysbios_knl_Event_Object__DESC__C };
"A9":  place at 0x000010b0 {
          ro section .const_ti_sysbios_gates_GateMutex_Object__DESC__C };
"A10": place at 0x00001310 {
          ro section .const_ti_sysbios_rom_ROM_ti_sysbios_family_arm_cc26xx_Timer_initDevice__I };
"A11": place at 0x000012c0 {
          ro section .const_xdc_runtime_Startup_execImpl__C };
"A12": place at 0x0000130c {
          ro section .const_ti_sysbios_rom_ROM_ti_sysbios_family_arm_cc26xx_Timer_getMaxTicks__E };
"A13": place at 0x0000125c {
          ro section .const_ti_sysbios_knl_Swi_Object__count__C };
"A14": place at 0x000011f0 {
          ro section .const_ti_sysbios_knl_Idle_funcList__C };
"A15": place at 0x000012fe { ro section .const_xdc_runtime_Text_isLoaded__C };
"A16": place at 0x00001110 {
          ro section .const_ti_sysbios_knl_Clock_Object__DESC__C };
"A17": place at 0x00001258 {
          ro section .const_ti_sysbios_knl_Semaphore_eventSync__C };
"A18": place at 0x0000104c {
          ro section .const_ti_sysbios_gates_GateMutex_Module__FXNS__C };
"A19": place at 0x00001284 {
          ro section .const_ti_sysbios_family_arm_m3_Hwi_Module__id__C };
"A20": place at 0x00001280 {
          ro section .const_ti_sysbios_family_arm_cc26xx_Timer_Module__id__C };
"A21": place at 0x00001244 {
          ro section .const_ti_sysbios_knl_Mailbox_Object__table__C };
"A22": place at 0x0000120c {
          ro section .const_ti_sysbios_family_arm_m3_Hwi_Object__table__C };
"A23": place at 0x000011b0 {
          ro section .const_ti_sysbios_knl_Swi_Object__DESC__C };
"A24": place at 0x000012fc { ro section .const_xdc_runtime_Text_charCnt__C };
"A25": place at 0x000012ac { ro section .const_xdc_runtime_Error_raiseHook__C };
"A26": place at 0x0000131c {
          ro section .const_ti_sysbios_rom_ROM_ti_sysbios_family_arm_cc26xx_Timer_start__E };
"A27": place at 0x00001234 {
          ro section .const_ti_sysbios_heaps_HeapMem_Object__table__C };
"A28": place at 0x000012a8 { ro section .const_xdc_runtime_Error_policyFxn__C };
"A29": place at 0x00001304 {
          ro section .const_ti_sysbios_rom_ROM_ti_sysbios_family_arm_cc26xx_Timer_getCount64__E };
"A30": place at 0x00001290 {
          ro section .const_xdc_runtime_Startup_firstFxns__C };
"A31": place at 0x000012e8 { ro section .const_xdc_runtime_Text_charTab__C };
"A32": place at 0x00001320 {
          ro section .const_ti_sysbios_rom_ROM_ti_sysbios_family_arm_cc26xx_TimestampProvider_get32__E };
"A33": place at 0x000012f8 { ro section .const_xdc_runtime_Error_maxDepth__C };
"A34": place at 0x00001308 {
          ro section .const_ti_sysbios_rom_ROM_ti_sysbios_family_arm_cc26xx_Timer_getCurrentTick__E };
"A35": place at 0x00001224 {
          ro section .const_ti_sysbios_family_arm_m3_TaskSupport_stackAlignment__C };
"A36": place at 0x00001204 {
          ro section .const_ti_sysbios_family_arm_m3_Hwi_NUM_INTERRUPTS__C };
"A37": place at 0x0000123c {
          ro section .const_ti_sysbios_knl_Clock_triggerClock__C };
"A38": place at 0x00001260 {
          ro section .const_ti_sysbios_knl_Swi_Object__table__C };
"A39": place at 0x000012fa {
          ro section .const_xdc_runtime_Memory_Module__id__C };
"A40": place at 0x0000122c {
          ro section .const_ti_sysbios_heaps_HeapMem_Module__gateObj__C };
"A41": place at 0x000011f8 {
          ro section .const_ti_sysbios_family_arm_cc26xx_Timer_startupNeeded__C };
"A42": place at 0x00001170 {
          ro section .const_ti_sysbios_knl_Queue_Object__DESC__C };
"A43": place at 0x000011d0 {
          ro section .const_ti_sysbios_knl_Task_Object__DESC__C };
"A44": place at 0x000012a0 {
          ro section .const_xdc_runtime_Assert_E_assertFailed__C };
"A45": place at 0x00001286 {
          ro section .const_ti_sysbios_gates_GateHwi_Module__id__C };
"A46": place at 0x000012b4 {
          ro section .const_xdc_runtime_IHeap_Interface__BASE__C };
"A47": place at 0x000012d8 {
          ro section .const_xdc_runtime_SysCallback_exitFxn__C };
"A48": place at 0x0000128a {
          ro section .const_ti_sysbios_heaps_HeapMem_Module__id__C };
"A49": place at 0x00001214 {
          ro section .const_ti_sysbios_family_arm_m3_Hwi_excHandlerFunc__C };
"A50": place at 0x00001000 {
          ro section .const_ti_sysbios_heaps_HeapMem_Module__FXNS__C };
"A51": place at 0x000012e4 {
          ro section .const_xdc_runtime_System_maxAtexitHandlers__C };
"A52": place at 0x0000124c {
          ro section .const_ti_sysbios_knl_Queue_Object__count__C };
"A53": place at 0x0000126c {
          ro section .const_ti_sysbios_knl_Task_Object__table__C };
"A54": place at 0x00001150 {
          ro section .const_ti_sysbios_knl_Mailbox_Object__DESC__C };
"A55": place at 0x00001218 {
          ro section .const_ti_sysbios_family_arm_m3_Hwi_nullIsrFunc__C };
"A56": place at 0x0000128e {
          ro section .const_ti_sysbios_knl_Clock_tickMode__C };
"A57": place at 0x00001288 {
          ro section .const_ti_sysbios_gates_GateMutex_Module__id__C };
"A58": place at 0x00001264 {
          ro section .const_ti_sysbios_knl_Swi_numPriorities__C };
"A59": place at 0x0000127c {
          ro section .const_ti_sysbios_knl_Task_numConstructedTasks__C };
"A60": place at 0x000012c4 {
          ro section .const_xdc_runtime_Startup_maxPasses__C };
"A61": place at 0x0000128c {
          ro section .const_ti_sysbios_knl_Task_initStackFlag__C };
"A62": place at 0x000012dc { ro section .const_xdc_runtime_System_abortFxn__C };
"A63": place at 0x00001028 {
          ro section .const_ti_sysbios_gates_GateHwi_Module__FXNS__C };
"A64": place at 0x000010d0 {
          ro section .const_ti_sysbios_hal_Hwi_Object__DESC__C };
"A65": place at 0x00001220 {
          ro section .const_ti_sysbios_family_arm_m3_Hwi_priGroup__C };
"A66": place at 0x000012a4 { ro section .const_xdc_runtime_Error_E_memory__C };
"A67": place at 0x000011fc {
          ro section .const_ti_sysbios_family_arm_m3_Hwi_E_alreadyDefined__C };
"A68": place at 0x00001250 {
          ro section .const_ti_sysbios_knl_Queue_Object__table__C };
"A69": place at 0x00001254 {
          ro section .const_ti_sysbios_knl_Semaphore_eventPost__C };
"A70": place at 0x000012e0 { ro section .const_xdc_runtime_System_exitFxn__C };
"A71": place at 0x00001314 {
          ro section .const_ti_sysbios_rom_ROM_ti_sysbios_family_arm_cc26xx_Timer_setNextTick__E };
"A72": place at 0x00001238 {
          ro section .const_ti_sysbios_heaps_HeapMem_reqAlign__C };
"A73": place at 0x000012c8 { ro section .const_xdc_runtime_Startup_sfxnRts__C };
"A74": place at 0x00001190 {
          ro section .const_ti_sysbios_knl_Semaphore_Object__DESC__C };
"A75": place at 0x00001090 {
          ro section .const_ti_sysbios_gates_GateHwi_Object__DESC__C };
"A76": place at 0x00001230 {
          ro section .const_ti_sysbios_heaps_HeapMem_Object__count__C };
"A77": place at 0x0000121c {
          ro section .const_ti_sysbios_family_arm_m3_Hwi_numSparseInterrupts__C };
"A78": place at 0x00001248 {
          ro section .const_ti_sysbios_knl_Mailbox_maxTypeAlign__C };
"A79": place at 0x00001282 {
          ro section .const_ti_sysbios_family_arm_cc26xx_TimestampProvider_useClockTimer__C };
"A80": place at 0x0000132c {
          ro section .const_ti_sysbios_rom_ROM_xdc_runtime_System_SupportProxy_exit__E };
"A81": place at 0x00001270 {
          ro section .const_ti_sysbios_knl_Task_allBlockedFunc__C };
"A82": place at 0x00001328 {
          ro section .const_ti_sysbios_rom_ROM_xdc_runtime_System_SupportProxy_abort__E };
"A83": place at 0x00001240 {
          ro section .const_ti_sysbios_knl_Mailbox_Object__count__C };
"A84": place at 0x000012f0 { ro section .const_xdc_runtime_Text_nameStatic__C };
"A85": place at 0x00001324 {
          ro section .const_ti_sysbios_rom_ROM_xdc_runtime_Startup_getState__I };
"A86": place at 0x00001278 {
          ro section .const_ti_sysbios_knl_Task_defaultStackSize__C };
"A87": place at 0x000012b0 {
          ro section .const_xdc_runtime_IGateProvider_Interface__BASE__C };
"A88": place at 0x00001200 {
          ro section .const_ti_sysbios_family_arm_m3_Hwi_E_hwiLimitExceeded__C };
"A89": place at 0x000012d0 {
          ro section .const_xdc_runtime_Startup_startModsFxn__C };
"A90": place at 0x00001070 {
          ro section .const_ti_sysbios_family_arm_m3_Hwi_Object__DESC__C };
"A91": place at 0x000012ec { ro section .const_xdc_runtime_Text_nameEmpty__C };
"A92": place at 0x00001208 {
          ro section .const_ti_sysbios_family_arm_m3_Hwi_Object__count__C };
"A93": place at 0x000012d4 {
          ro section .const_xdc_runtime_SysCallback_abortFxn__C };
"A94": place at 0x00001274 {
          ro section .const_ti_sysbios_knl_Task_defaultStackHeap__C };
"A95": place at 0x00001210 {
          ro section .const_ti_sysbios_family_arm_m3_Hwi_ccr__C };
"A96": place at 0x00001228 {
          ro section .const_ti_sysbios_heaps_HeapMem_E_memory__C };
"A97": place at 0x00001268 {
          ro section .const_ti_sysbios_knl_Task_Object__count__C };
"A98": place at 0x000010f0 {
          ro section .const_ti_sysbios_heaps_HeapMem_Object__DESC__C };
"A99": place at 0x000012f4 {
          ro section .const_xdc_runtime_Text_nameUnknown__C };
"A100":
       place at 0x000012bc {
          ro section .const_xdc_runtime_Memory_defaultHeapInstance__C };
"A101":
       place at 0x00001318 {
          ro section .const_ti_sysbios_rom_ROM_ti_sysbios_family_arm_cc26xx_Timer_setThreshold__I };
"A102":
       place at 0x000012cc { ro section .const_xdc_runtime_Startup_sfxnTab__C };
"A103":
       place at 0x20000178 {
          rw section .data_ti_sysbios_knl_Clock_Module__state__V };
"A104":
       place at 0x200001ec {
          rw section .data_ti_sysbios_family_arm_cc26xx_TimestampProvider_Module__state__V };
"A105":
       place at 0x200001f0 {
          rw section .data_xdc_runtime_Startup_Module__state__V };
"A106":
       place at 0x200001a4 {
          rw section .data_ti_sysbios_BIOS_Module__state__V };
"A107":
       place at 0x200001c8 {
          rw section .data_ti_sysbios_knl_Swi_Module__state__V };
"A108":
       place at 0x20000100 {
          rw section .data_ti_sysbios_knl_Task_Module__state__V };
"A109":
       place at 0x20000200 {
          rw section .data_xdc_runtime_Memory_Module__state__V };
"A110":
       place at 0x200001f8 {
          rw section .data_xdc_runtime_System_Module__state__V };
"A111":
       place at 0x20000144 {
          rw section .data_ti_sysbios_family_arm_m3_Hwi_Module__state__V };
"A112":
       place at 0x20000204 {
          rw section .data_xdc_runtime_Error_Module__state__V };
"A113":
       place at 0x200001e4 {
          rw section .data_ti_sysbios_family_arm_cc26xx_Timer_Module__state__V };
initialize by copy { rw };
keep { section .ccfg };
keep { ro section .intvec };

  Section                 Kind        Address     Size  Object
  -------                 ----        -------     ----  ------
"A1":                                             0x3c
  .intvec                 const    0x00000000     0x3c  app_ble_prm3.orm3 [3]
                                 - 0x0000003c     0x3c

"P1", part 1 of 4:                               0xe59
  Veneer                  ro code  0x0000003c      0x8  - Linker created -
  Veneer                  ro code  0x00000044      0x8  - Linker created -
  Veneer                  ro code  0x0000004c      0x8  - Linker created -
  Veneer                  ro code  0x00000054      0x8  - Linker created -
  Veneer                  ro code  0x0000005c      0x8  - Linker created -
  .text                   ro code  0x00000064     0x78  HwiP_tirtos.orm3 [18]
  Veneer                  ro code  0x000000dc      0x8  - Linker created -
  Veneer                  ro code  0x000000e4      0x8  - Linker created -
  Veneer                  ro code  0x000000ec      0x8  - Linker created -
  Veneer                  ro code  0x000000f4      0x8  - Linker created -
  Veneer                  ro code  0x000000fc      0x8  - Linker created -
  Veneer                  ro code  0x00000104      0x8  - Linker created -
  Veneer                  ro code  0x0000010c      0x8  - Linker created -
  .text                   ro code  0x00000114     0x7c  ClockP_tirtos.orm3 [18]
  .text                   ro code  0x00000190    0x81c  PowerCC26XX.orm3 [20]
  Veneer                  ro code  0x000009ac      0x8  - Linker created -
  .text                   ro code  0x000009b4    0x458  ll_slave_end_causes.o [7]
  .text                   ro code  0x00000e0c      0x2  common_rom_init.o [8]
  Initializer bytes       const    0x00000e0e     0x1b  <for rw section .data_ti_sysbios_knl_Task_Module__state__V-1>
  Initializer bytes       const    0x00000e29     0x1c  <for rw section .data_ti_sysbios_family_arm_m3_Hwi_Module__state__V-1>
  Initializer bytes       const    0x00000e45     0x18  <for rw section .data_ti_sysbios_knl_Clock_Module__state__V-1>
  Initializer bytes       const    0x00000e5d     0x1a  <for rw section .data_ti_sysbios_BIOS_Module__state__V-1>
  Initializer bytes       const    0x00000e77      0xc  <for rw section .data_ti_sysbios_knl_Swi_Module__state__V-1>
  Initializer bytes       const    0x00000e83      0x3  <for rw section .data_xdc_runtime_Startup_Module__state__V-1>
  Initializer bytes       const    0x00000e86      0x3  <for rw section .data_xdc_runtime_System_Module__state__V-1>
  Initializer bytes       const    0x00000e89      0x3  <for rw section .data_ti_sysbios_family_arm_cc26xx_TimestampProvider_Module__state__V-1>
  Initializer bytes       const    0x00000e8c      0x6  <for rw section .data_xdc_runtime_Memory_Module__state__V-1>
  Initializer bytes       const    0x00000e92      0x3  <for rw section .data_xdc_runtime_Error_Module__state__V-1>
                                 - 0x00000e95    0xe59

"A50":                                            0x28
  .const_ti_sysbios_heaps_HeapMem_Module__FXNS__C
                          const    0x00001000     0x28  app_ble_prm3.orm3 [3]
                                 - 0x00001028     0x28

"A63":                                            0x24
  .const_ti_sysbios_gates_GateHwi_Module__FXNS__C
                          const    0x00001028     0x24  app_ble_prm3.orm3 [3]
                                 - 0x0000104c     0x24

"A18":                                            0x24
  .const_ti_sysbios_gates_GateMutex_Module__FXNS__C
                          const    0x0000104c     0x24  app_ble_prm3.orm3 [3]
                                 - 0x00001070     0x24

"A90":                                            0x20
  .const_ti_sysbios_family_arm_m3_Hwi_Object__DESC__C
                          const    0x00001070     0x20  app_ble_prm3.orm3 [3]
                                 - 0x00001090     0x20

"A75":                                            0x20
  .const_ti_sysbios_gates_GateHwi_Object__DESC__C
                          const    0x00001090     0x20  app_ble_prm3.orm3 [3]
                                 - 0x000010b0     0x20

"A9":                                             0x20
  .const_ti_sysbios_gates_GateMutex_Object__DESC__C
                          const    0x000010b0     0x20  app_ble_prm3.orm3 [3]
                                 - 0x000010d0     0x20

"A64":                                            0x20
  .const_ti_sysbios_hal_Hwi_Object__DESC__C
                          const    0x000010d0     0x20  app_ble_prm3.orm3 [3]
                                 - 0x000010f0     0x20

"A98":                                            0x20
  .const_ti_sysbios_heaps_HeapMem_Object__DESC__C
                          const    0x000010f0     0x20  app_ble_prm3.orm3 [3]
                                 - 0x00001110     0x20

"A16":                                            0x20
  .const_ti_sysbios_knl_Clock_Object__DESC__C
                          const    0x00001110     0x20  app_ble_prm3.orm3 [3]
                                 - 0x00001130     0x20

"A8":                                             0x20
  .const_ti_sysbios_knl_Event_Object__DESC__C
                          const    0x00001130     0x20  app_ble_prm3.orm3 [3]
                                 - 0x00001150     0x20

"A54":                                            0x20
  .const_ti_sysbios_knl_Mailbox_Object__DESC__C
                          const    0x00001150     0x20  app_ble_prm3.orm3 [3]
                                 - 0x00001170     0x20

"A42":                                            0x20
  .const_ti_sysbios_knl_Queue_Object__DESC__C
                          const    0x00001170     0x20  app_ble_prm3.orm3 [3]
                                 - 0x00001190     0x20

"A74":                                            0x20
  .const_ti_sysbios_knl_Semaphore_Object__DESC__C
                          const    0x00001190     0x20  app_ble_prm3.orm3 [3]
                                 - 0x000011b0     0x20

"A23":                                            0x20
  .const_ti_sysbios_knl_Swi_Object__DESC__C
                          const    0x000011b0     0x20  app_ble_prm3.orm3 [3]
                                 - 0x000011d0     0x20

"A43":                                            0x20
  .const_ti_sysbios_knl_Task_Object__DESC__C
                          const    0x000011d0     0x20  app_ble_prm3.orm3 [3]
                                 - 0x000011f0     0x20

"A14":                                             0x8
  .const_ti_sysbios_knl_Idle_funcList__C
                          const    0x000011f0      0x8  app_ble_prm3.orm3 [3]
                                 - 0x000011f8      0x8

"A41":                                             0x4
  .const_ti_sysbios_family_arm_cc26xx_Timer_startupNeeded__C
                          const    0x000011f8      0x4  app_ble_prm3.orm3 [3]
                                 - 0x000011fc      0x4

"A67":                                             0x4
  .const_ti_sysbios_family_arm_m3_Hwi_E_alreadyDefined__C
                          const    0x000011fc      0x4  app_ble_prm3.orm3 [3]
                                 - 0x00001200      0x4

"A88":                                             0x4
  .const_ti_sysbios_family_arm_m3_Hwi_E_hwiLimitExceeded__C
                          const    0x00001200      0x4  app_ble_prm3.orm3 [3]
                                 - 0x00001204      0x4

"A36":                                             0x4
  .const_ti_sysbios_family_arm_m3_Hwi_NUM_INTERRUPTS__C
                          const    0x00001204      0x4  app_ble_prm3.orm3 [3]
                                 - 0x00001208      0x4

"A92":                                             0x4
  .const_ti_sysbios_family_arm_m3_Hwi_Object__count__C
                          const    0x00001208      0x4  app_ble_prm3.orm3 [3]
                                 - 0x0000120c      0x4

"A22":                                             0x4
  .const_ti_sysbios_family_arm_m3_Hwi_Object__table__C
                          const    0x0000120c      0x4  app_ble_prm3.orm3 [3]
                                 - 0x00001210      0x4

"A95":                                             0x4
  .const_ti_sysbios_family_arm_m3_Hwi_ccr__C
                          const    0x00001210      0x4  app_ble_prm3.orm3 [3]
                                 - 0x00001214      0x4

"A49":                                             0x4
  .const_ti_sysbios_family_arm_m3_Hwi_excHandlerFunc__C
                          const    0x00001214      0x4  app_ble_prm3.orm3 [3]
                                 - 0x00001218      0x4

"A55":                                             0x4
  .const_ti_sysbios_family_arm_m3_Hwi_nullIsrFunc__C
                          const    0x00001218      0x4  app_ble_prm3.orm3 [3]
                                 - 0x0000121c      0x4

"A77":                                             0x4
  .const_ti_sysbios_family_arm_m3_Hwi_numSparseInterrupts__C
                          const    0x0000121c      0x4  app_ble_prm3.orm3 [3]
                                 - 0x00001220      0x4

"A65":                                             0x4
  .const_ti_sysbios_family_arm_m3_Hwi_priGroup__C
                          const    0x00001220      0x4  app_ble_prm3.orm3 [3]
                                 - 0x00001224      0x4

"A35":                                             0x4
  .const_ti_sysbios_family_arm_m3_TaskSupport_stackAlignment__C
                          const    0x00001224      0x4  app_ble_prm3.orm3 [3]
                                 - 0x00001228      0x4

"A96":                                             0x4
  .const_ti_sysbios_heaps_HeapMem_E_memory__C
                          const    0x00001228      0x4  app_ble_prm3.orm3 [3]
                                 - 0x0000122c      0x4

"A40":                                             0x4
  .const_ti_sysbios_heaps_HeapMem_Module__gateObj__C
                          const    0x0000122c      0x4  app_ble_prm3.orm3 [3]
                                 - 0x00001230      0x4

"A76":                                             0x4
  .const_ti_sysbios_heaps_HeapMem_Object__count__C
                          const    0x00001230      0x4  app_ble_prm3.orm3 [3]
                                 - 0x00001234      0x4

[...]
                        0x1001bf31          Data  Gb  command line/config [4]
ti_sysbios_knl_Task_enable__E {Abs}
                        0x1001c08b          Data  Gb  command line/config [4]
ti_sysbios_knl_Task_enter__I {Abs}
                        0x1001bd89          Data  Gb  command line/config [4]
ti_sysbios_knl_Task_exit__E {Abs}
                        0x1001b119          Data  Gb  command line/config [4]
ti_sysbios_knl_Task_initStackFlag__C
                        0x0000128c     0x2  Data  Gb  app_ble_prm3.orm3 [3]
ti_sysbios_knl_Task_numConstructedTasks__C
                        0x0000127c     0x4  Data  Gb  app_ble_prm3.orm3 [3]
ti_sysbios_knl_Task_postInit__I {Abs}
                        0x1001a271          Data  Gb  command line/config [4]
ti_sysbios_knl_Task_processVitalTaskFlag__I {Abs}
                        0x1001b48d          Data  Gb  command line/config [4]
ti_sysbios_knl_Task_restoreHwi__E {Abs}
                        0x1001bc19          Data  Gb  command line/config [4]
ti_sysbios_knl_Task_restore__E {Abs}
                        0x1001b7f5          Data  Gb  command line/config [4]
ti_sysbios_knl_Task_schedule__I {Abs}
                        0x1001ae69          Data  Gb  command line/config [4]
ti_sysbios_knl_Task_self__E {Abs}
                        0x1001c02d          Data  Gb  command line/config [4]
ti_sysbios_knl_Task_sleepTimeout__I {Abs}
                        0x1001bda5          Data  Gb  command line/config [4]
ti_sysbios_knl_Task_sleep__E {Abs}
                        0x1001a5a5          Data  Gb  command line/config [4]
ti_sysbios_knl_Task_startCore__E {Abs}
                        0x1001aa61          Data  Gb  command line/config [4]
ti_sysbios_knl_Task_startup__E {Abs}
                        0x1001c125          Data  Gb  command line/config [4]
ti_sysbios_knl_Task_swapReturn {Abs}
                        0x1001c971          Data  Gb  command line/config [4]
ti_sysbios_knl_Task_unblockI__E {Abs}
                        0x1001b751          Data  Gb  command line/config [4]
ti_sysbios_knl_Task_unblock__E {Abs}
                        0x1001bdf1          Data  Gb  command line/config [4]
ti_sysbios_knl_Task_yield__E {Abs}
                        0x1001b0d9          Data  Gb  command line/config [4]
ti_sysbios_rom_ROM_ti_sysbios_family_arm_cc26xx_Timer_getCount64__E
                        0x00001304     0x4  Data  Gb  app_ble_prm3.orm3 [3]
ti_sysbios_rom_ROM_ti_sysbios_family_arm_cc26xx_Timer_getCurrentTick__E
                        0x00001308     0x4  Data  Gb  app_ble_prm3.orm3 [3]
ti_sysbios_rom_ROM_ti_sysbios_family_arm_cc26xx_Timer_getMaxTicks__E
                        0x0000130c     0x4  Data  Gb  app_ble_prm3.orm3 [3]
ti_sysbios_rom_ROM_ti_sysbios_family_arm_cc26xx_Timer_initDevice__I
                        0x00001310     0x4  Data  Gb  app_ble_prm3.orm3 [3]
ti_sysbios_rom_ROM_ti_sysbios_family_arm_cc26xx_Timer_setNextTick__E
                        0x00001314     0x4  Data  Gb  app_ble_prm3.orm3 [3]
ti_sysbios_rom_ROM_ti_sysbios_family_arm_cc26xx_Timer_setThreshold__I
                        0x00001318     0x4  Data  Gb  app_ble_prm3.orm3 [3]
ti_sysbios_rom_ROM_ti_sysbios_family_arm_cc26xx_Timer_start__E
                        0x0000131c     0x4  Data  Gb  app_ble_prm3.orm3 [3]
ti_sysbios_rom_ROM_ti_sysbios_family_arm_cc26xx_TimestampProvider_get32__E
                        0x00001320     0x4  Data  Gb  app_ble_prm3.orm3 [3]
ti_sysbios_rom_ROM_xdc_runtime_Startup_getState__I
                        0x00001324     0x4  Data  Gb  app_ble_prm3.orm3 [3]
ti_sysbios_rom_ROM_xdc_runtime_System_SupportProxy_abort__E
                        0x00001328     0x4  Data  Gb  app_ble_prm3.orm3 [3]
ti_sysbios_rom_ROM_xdc_runtime_System_SupportProxy_exit__E
                        0x0000132c     0x4  Data  Gb  app_ble_prm3.orm3 [3]
ti_sysbios_rom_cortexm_cc26xx_r2_CC26xx_badRomLink__E
                        0x000115c3     0x2  Code  Gb  app_ble_prm3.orm3 [3]
ti_sysbios_rom_cortexm_cc26xx_r2_CC26xx_badRomRevision__E
                        0x000115c1     0x2  Code  Gb  app_ble_prm3.orm3 [3]
timeMSec                0x200029d4     0x4  Data  Lc  osal_clock.o [8]
trngCC26XXObjects       0x200029e6     0x1  Data  Gb  board.o [1]
trngDriverTable         0x00016b80     0xc  Data  Gb  icall_user_config.o [1]
trngDrvTblPtr {Abs}     0x20004efc     0x4  Data  Gb  ble_r2.symbols [2]
trxTestCmd              0x200029b8    0x1c  Data  Wk  ble.o [7]
txDataQ {Abs}           0x20004e8c     0x4  Data  Gb  ble_r2.symbols [2]
txTestOut {Abs}         0x20004e94     0x4  Data  Gb  ble_r2.symbols [2]
txTestParam {Abs}       0x20004dc4    0x10  Data  Gb  ble_r2.symbols [2]
uartAppTaskId           0x200010c5     0x1  Data  Lc  npi.o [8]
uartCC26XXHWAttrs       0x00010fcc    0x20  Data  Gb  board.o [1]
uartCC26XXObjects       0x20001d24   0x12c  Data  Gb  board.o [1]
uartPostNotify          0x0000aee9    0x10  Code  Lc  UARTCC26XX.orm3 [20]
uartRxPowerConstraint   0x200029e9     0x1  Data  Lc  UARTCC26XX.orm3 [20]
uartStringBuf           0x2000165c    0x80  Data  Lc  board.o [1]
uartTxPowerConstraint   0x200029ea     0x1  Data  Lc  UARTCC26XX.orm3 [20]
udmaHWAttrs             0x00010ffc     0x8  Data  Gb  board.o [1]
udmaObjects             0x20001e50    0x20  Data  Gb  board.o [1]
updateTimeoutClock      0x200008a0    0x24  Data  Lc  peripheral.o [1]
user0Cfg                0x20000810    0x10  Data  Gb  main.o [1]
verInfo {Abs}           0x20004e60     0x8  Data  Gb  ble_r2.symbols [2]
wlTable {Abs}           0x200047cc    0xdc  Data  Gb  ble_r2.symbols [2]
wlTableScan {Abs}       0x200048a8    0xdc  Data  Gb  ble_r2.symbols [2]
writeData               0x0000a62f    0x2a  Code  Lc  UARTCC26XX.orm3 [20]
writeFinishedDoCallback
                        0x0000a6f5    0x60  Code  Lc  UARTCC26XX.orm3 [20]
writeSemCallback        0x0000a61f     0x8  Code  Lc  UARTCC26XX.orm3 [20]
writeTxFifoFlush        0x0000a755    0x70  Code  Lc  UARTCC26XX.orm3 [20]
writeWord               0x0000c40d    0x70  Code  Lc  osal_snv_wrapper.o [8]
xdc_runtime_Assert_E_assertFailed__C
                        0x000012a0     0x4  Data  Gb  app_ble_prm3.orm3 [3]
xdc_runtime_Assert_raise__I {Abs}
                        0x1001c465          Data  Gb  command line/config [4]
xdc_runtime_Core_assignLabel__I {Abs}
                        0x1001c5b9          Data  Gb  command line/config [4]
xdc_runtime_Core_assignParams__I {Abs}
                        0x1001c4ad          Data  Gb  command line/config [4]
xdc_runtime_Core_constructObject__I {Abs}
                        0x1001c4f5          Data  Gb  command line/config [4]
xdc_runtime_Core_createObject__I {Abs}
                        0x1001c2c9          Data  Gb  command line/config [4]
xdc_runtime_Core_deleteObject__I {Abs}
                        0x1001c3b5          Data  Gb  command line/config [4]
xdc_runtime_Core_destructObject__I {Abs}
                        0x1001c6a5          Data  Gb  command line/config [4]
xdc_runtime_Error_E_memory__C
                        0x000012a4     0x4  Data  Gb  app_ble_prm3.orm3 [3]
xdc_runtime_Error_IgnoreBlock
                        0x20000b80    0x20  Data  Gb  app_ble_prm3.orm3 [3]
xdc_runtime_Error_Module__state__V
                        0x20000204     0x2  Data  Gb  app_ble_prm3.orm3 [3]
xdc_runtime_Error_check__E {Abs}
                        0x1001c6bd          Data  Gb  command line/config [4]
xdc_runtime_Error_maxDepth__C
                        0x000012f8     0x2  Data  Gb  app_ble_prm3.orm3 [3]
xdc_runtime_Error_policyFxn__C
                        0x000012a8     0x4  Data  Gb  app_ble_prm3.orm3 [3]
xdc_runtime_Error_policySpin__E {Abs}
                        0x1001c413          Data  Gb  command line/config [4]
xdc_runtime_Error_policy__C
                        0x00001300     0x1  Data  Gb  app_ble_prm3.orm3 [3]
xdc_runtime_Error_raiseHook__C
                        0x000012ac     0x4  Data  Gb  app_ble_prm3.orm3 [3]
xdc_runtime_Error_raiseX__E {Abs}
                        0x1001c66d          Data  Gb  command line/config [4]
xdc_runtime_Gate_enterSystem__E {Abs}
                        0x1001c795          Data  Gb  command line/config [4]
xdc_runtime_Gate_leaveSystem__E {Abs}
                        0x1001c789          Data  Gb  command line/config [4]
xdc_runtime_IGateProvider_Interface__BASE__C
                        0x000012b0     0x4  Data  Gb  app_ble_prm3.orm3 [3]
xdc_runtime_IHeap_Interface__BASE__C
                        0x000012b4     0x4  Data  Gb  app_ble_prm3.orm3 [3]
xdc_runtime_IModule_Interface__BASE__C
                        0x000012b8     0x4  Data  Gb  app_ble_prm3.orm3 [3]
xdc_runtime_Memory_HeapProxy_Handle__label__S {Abs}
                        0x1001ba39          Data  Gb  command line/config [4]
xdc_runtime_Memory_HeapProxy_Object__delete__S {Abs}
                        0x1001ba59          Data  Gb  command line/config [4]
xdc_runtime_Memory_HeapProxy_alloc__E {Abs}
                        0x1001c775          Data  Gb  command line/config [4]
xdc_runtime_Memory_HeapProxy_free__E {Abs}
                        0x1001c77f          Data  Gb  command line/config [4]
xdc_runtime_Memory_Module__id__C
                        0x000012fa     0x2  Data  Gb  app_ble_prm3.orm3 [3]
xdc_runtime_Memory_Module__state__V
                        0x20000200     0x4  Data  Gb  app_ble_prm3.orm3 [3]
xdc_runtime_Memory_alloc__E {Abs}
                        0x1001c349          Data  Gb  command line/config [4]
xdc_runtime_Memory_calloc__E {Abs}
                        0x1001c751          Data  Gb  command line/config [4]
xdc_runtime_Memory_defaultHeapInstance__C
                        0x000012bc     0x4  Data  Gb  app_ble_prm3.orm3 [3]
xdc_runtime_Memory_free__E {Abs}
                        0x1001c705          Data  Gb  command line/config [4]
xdc_runtime_Memory_getMaxDefaultTypeAlign__E {Abs}
                        0x1001c75d          Data  Gb  command line/config [4]
xdc_runtime_Memory_valloc__E {Abs}
                        0x1001c689          Data  Gb  command line/config [4]
xdc_runtime_Registry_Module__state__V
                        0x200010a0     0x8  Data  Gb  app_ble_prm3.orm3 [3]
xdc_runtime_Startup_Module__state__V
                        0x200001f0     0x8  Data  Gb  app_ble_prm3.orm3 [3]
xdc_runtime_Startup__EXECFXN__C {Abs}
                        0x00000001          Data  Gb  command line/config [4]
xdc_runtime_Startup__RESETFXN__C {Abs}
                        0x00000001          Data  Gb  command line/config [4]
xdc_runtime_Startup_execImpl__C
                        0x000012c0     0x4  Data  Gb  app_ble_prm3.orm3 [3]
xdc_runtime_Startup_exec__E {Abs}
                        0x1001c415          Data  Gb  command line/config [4]
xdc_runtime_Startup_exec__I
                        0x00011451    0x10  Code  Gb  app_ble_prm3.orm3 [3]
xdc_runtime_Startup_firstFxns__A
                        0x00018230    0x10  Data  Gb  app_ble_prm3.orm3 [3]
xdc_runtime_Startup_firstFxns__C
                        0x00001290     0x8  Data  Gb  app_ble_prm3.orm3 [3]
xdc_runtime_Startup_getState__I
                        0x000113c9    0x88  Code  Gb  app_ble_prm3.orm3 [3]
xdc_runtime_Startup_lastFxns__C
                        0x00001298     0x8  Data  Gb  app_ble_prm3.orm3 [3]
xdc_runtime_Startup_maxPasses__C
                        0x000012c4     0x4  Data  Gb  app_ble_prm3.orm3 [3]
xdc_runtime_Startup_reset__I
                        0x00011461    0x32  Code  Gb  app_ble_prm3.orm3 [3]
xdc_runtime_Startup_rtsDone__E {Abs}
                        0x1001c769          Data  Gb  command line/config [4]
xdc_runtime_Startup_sfxnRts__A
                        0x000181d0    0x14  Data  Gb  app_ble_prm3.orm3 [3]
xdc_runtime_Startup_sfxnRts__C
                        0x000012c8     0x4  Data  Gb  app_ble_prm3.orm3 [3]
xdc_runtime_Startup_sfxnTab__A
                        0x00017bc8    0x28  Data  Gb  app_ble_prm3.orm3 [3]
xdc_runtime_Startup_sfxnTab__C
                        0x000012cc     0x4  Data  Gb  app_ble_prm3.orm3 [3]
xdc_runtime_Startup_startModsFxn__C
                        0x000012d0     0x4  Data  Gb  app_ble_prm3.orm3 [3]
xdc_runtime_Startup_startMods__I {Abs}
                        0x1001c129          Data  Gb  command line/config [4]
xdc_runtime_SysCallback_abortFxn__C
                        0x000012d4     0x4  Data  Gb  app_ble_prm3.orm3 [3]
xdc_runtime_SysCallback_abort__E {Abs}
                        0x1001c715          Data  Gb  command line/config [4]
xdc_runtime_SysCallback_defaultAbort
                        0x0000789b     0x2  Code  Wk  rom_sysbios.obj [25]
xdc_runtime_SysCallback_defaultExit
                        0x00008447     0x2  Code  Wk  rom_sysbios.obj [25]
xdc_runtime_SysCallback_defaultPutch
                        0x00008537     0x2  Code  Wk  rom_sysbios.obj [25]
xdc_runtime_SysCallback_defaultReady
                        0x00018349     0x4  Code  Wk  rom_sysbios.obj [25]
xdc_runtime_SysCallback_exitFxn__C
                        0x000012d8     0x4  Data  Gb  app_ble_prm3.orm3 [3]
xdc_runtime_SysCallback_exit__E {Abs}
                        0x1001c725          Data  Gb  command line/config [4]
xdc_runtime_SysCallback_putchFxn__C
                        0x00018324     0x4  Data  Gb  app_ble_prm3.orm3 [3]
xdc_runtime_SysCallback_putch__E
                        0x00011741     0xc  Code  Wk  rom_sysbios.obj [25]
xdc_runtime_SysCallback_readyFxn__C
                        0x00018328     0x4  Data  Gb  app_ble_prm3.orm3 [3]
xdc_runtime_SysCallback_ready__E
                        0x0001174d     0xc  Code  Wk  rom_sysbios.obj [25]
xdc_runtime_System_Module_GateProxy_Handle__label__S {Abs}
                        0x1001b999          Data  Gb  command line/config [4]
xdc_runtime_System_Module_GateProxy_Object__delete__S {Abs}
                        0x1001b9b9          Data  Gb  command line/config [4]
xdc_runtime_System_Module_GateProxy_enter__E {Abs}
                        0x1001c799          Data  Gb  command line/config [4]
xdc_runtime_System_Module_GateProxy_leave__E {Abs}
                        0x1001c79d          Data  Gb  command line/config [4]
xdc_runtime_System_Module_GateProxy_query__E {Abs}
                        0x1001c0b1          Data  Gb  command line/config [4]
xdc_runtime_System_Module__state__V
                        0x200001f8     0x8  Data  Gb  app_ble_prm3.orm3 [3]
xdc_runtime_System_Module_startup__E {Abs}
                        0x1001c78f          Data  Gb  command line/config [4]
xdc_runtime_System_SupportProxy_abort__E
                        0x000115e9     0x4  Code  Gb  app_ble_prm3.orm3 [3]
xdc_runtime_System_SupportProxy_exit__E
                        0x000115ed     0x4  Code  Gb  app_ble_prm3.orm3 [3]
xdc_runtime_System_SupportProxy_putch__E
                        0x000115f1     0x4  Code  Gb  app_ble_prm3.orm3 [3]
xdc_runtime_System_SupportProxy_ready__E
                        0x000115f5     0x4  Code  Gb  app_ble_prm3.orm3 [3]
xdc_runtime_System_abortFxn__C
                        0x000012dc     0x4  Data  Gb  app_ble_prm3.orm3 [3]
xdc_runtime_System_abortSpin__E {Abs}
                        0x1001c7a1          Data  Gb  command line/config [4]
xdc_runtime_System_abort__E {Abs}
                        0x1001c64d          Data  Gb  command line/config [4]
xdc_runtime_System_atexit__E {Abs}
                        0x1001c581          Data  Gb  command line/config [4]
xdc_runtime_System_doPrint__I
                        0x00011021   0x2c0  Code  Wk  rom_sysbios.obj [25]
xdc_runtime_System_exitFxn__C
                        0x000012e0     0x4  Data  Gb  app_ble_prm3.orm3 [3]
xdc_runtime_System_exitSpin__E {Abs}
                        0x1001c7a3          Data  Gb  command line/config [4]
xdc_runtime_System_exit__E {Abs}
                        0x1001c6d5          Data  Gb  command line/config [4]
xdc_runtime_System_extendFxn__C
                        0x0001832c     0x4  Data  Gb  app_ble_prm3.orm3 [3]
xdc_runtime_System_maxAtexitHandlers__C
                        0x000012e4     0x4  Data  Gb  app_ble_prm3.orm3 [3]
xdc_runtime_System_printfExtend__I
                        0x00011493    0xba  Code  Gb  app_ble_prm3.orm3 [3]
xdc_runtime_System_processAtExit__E {Abs}
                        0x1001c5ed          Data  Gb  command line/config [4]
xdc_runtime_System_vsnprintf__E
                        0x00011951    0x10  Code  Wk  rom_sysbios.obj [25]
xdc_runtime_Text_charCnt__C
                        0x000012fc     0x2  Data  Gb  app_ble_prm3.orm3 [3]
xdc_runtime_Text_charTab__A
                        0x0000128f     0x1  Data  Gb  app_ble_prm3.orm3 [3]
xdc_runtime_Text_charTab__C
                        0x000012e8     0x4  Data  Gb  app_ble_prm3.orm3 [3]
xdc_runtime_Text_cordText__E {Abs}
                        0x1001c621          Data  Gb  command line/config [4]
xdc_runtime_Text_isLoaded__C
                        0x000012fe     0x2  Data  Gb  app_ble_prm3.orm3 [3]
xdc_runtime_Text_nameEmpty__C
                        0x000012ec     0x4  Data  Gb  app_ble_prm3.orm3 [3]
xdc_runtime_Text_nameStatic__C
                        0x000012f0     0x4  Data  Gb  app_ble_prm3.orm3 [3]
xdc_runtime_Text_nameUnknown__C
                        0x000012f4     0x4  Data  Gb  app_ble_prm3.orm3 [3]
xdc_runtime_Text_putLab__E
                        0x00011661    0x60  Code  Wk  rom_sysbios.obj [25]
xdc_runtime_Text_putSite__E
                        0x000116c1    0x80  Code  Wk  rom_sysbios.obj [25]
xdc_runtime_Text_registryModsLastId__C
                        0x0000473e     0x2  Data  Gb  app_ble_prm3.orm3 [3]
xdc_runtime_Text_ropeText__E {Abs}
                        0x1001c6ed          Data  Gb  command line/config [4]
xdc_runtime_Text_unnamedModsLastId__C
                        0x0000477a     0x2  Data  Gb  app_ble_prm3.orm3 [3]
xdc_runtime_Text_visitRopeFxn__C
                        0x00018330     0x4  Data  Gb  app_ble_prm3.orm3 [3]
xdc_runtime_Text_visitRope__I
                        0x0001154d     0x8  Code  Gb  app_ble_prm3.orm3 [3]
xdc_runtime_Timestamp_SupportProxy_get32__E {Abs}
                        0x1001c735          Data  Gb  command line/config [4]
xdc_runtime_Timestamp_SupportProxy_get64__E {Abs}
                        0x1001b77d          Data  Gb  command line/config [4]
xdc_runtime_Timestamp_SupportProxy_getFreq__E {Abs}
                        0x1001bf6b          Data  Gb  command line/config [4]
xdc_runtime_Timestamp_get32__E {Abs}
                        0x1001c735          Data  Gb  command line/config [4]
xdc_runtime_Timestamp_get64__E {Abs}
                        0x1001b77d          Data  Gb  command line/config [4]
xdc_runtime_Timestamp_getFreq__E {Abs}
                        0x1001bf6b          Data  Gb  command line/config [4]
xor_128 {Abs}           0x1001284d    0x14  Code  Gb  ble_r2.symbols [2]


[1] = C:\ti\simplelink_cc2640r2_sdk_1_40_00_45\examples\rtos\CC2640R2_LAUNCHXL\ble5stack\1.1_simple_peripheral\tirtos\iar\app\FlashROM_StackLibrary\Obj
[2] = C:\ti\simplelink_cc2640r2_sdk_1_40_00_45\examples\rtos\CC2640R2_LAUNCHXL\ble5stack\1.1_simple_peripheral\tirtos\iar\config
[3] = C:\ti\simplelink_cc2640r2_sdk_1_40_00_45\examples\rtos\CC2640R2_LAUNCHXL\ble5stack\1.1_simple_peripheral\tirtos\iar\config\configPkg\package\cfg
[4] = command line
[5] = boot.arm3
[6] = cc2640_hci_pxxx.a
[7] = cc2640_ll_pxxx.a
[8] = cc2640r2lp_stack_FlashROM_Library.a
[9] = cc26xx_att_pxxx.a
[10] = cc26xx_gap_pxxx.a
[11] = cc26xx_gatt_pxxx.a
[12] = cc26xx_hci_tl_none.a
[13] = cc26xx_l2cap_pxxx.a
[14] = cc26xx_profiles_pxxx.a
[15] = cc26xx_sm_pxxx.a
[16] = display.arm3
[17] = dl7M_tln.a
[18] = dpl_cc26x0r2.arm3
[19] = driverlib.lib
[20] = drivers_cc26x0r2.arm3
[21] = lcd.arm3
[22] = lcd_tft_lib_r2.a
[23] = m7M_tl.a
[24] = rf_singleMode_cc26x0r2.arm3
[25] = rom_sysbios.arm3
[26] = rt7M_tl.a

  90 403 bytes of readonly  code memory
  16 419 bytes of readonly  data memory
  10 723 bytes of readwrite data memory

Errors: none
Warnings: none
